[INFO] Scanning for projects...
[INFO] 
[INFO] ----------< com.example.flatery.backenddd:flatery.backenddd >-----------
[INFO] Building flatery.backenddd 0.0.1-SNAPSHOT
[INFO]   from pom.xml
[INFO] --------------------------------[ jar ]---------------------------------
[INFO] 
[INFO] >>> spring-boot:3.1.5:run (default-cli) > test-compile @ flatery.backenddd >>>
[INFO] 
[INFO] --- resources:3.3.1:resources (default-resources) @ flatery.backenddd ---
[INFO] Copying 1 resource from src/main/resources to target/classes
[INFO] Copying 9 resources from src/main/resources to target/classes
[INFO] 
[INFO] --- compiler:3.11.0:compile (default-compile) @ flatery.backenddd ---
[INFO] Changes detected - recompiling the module! :source
[INFO] Compiling 233 source files with javac [debug release 17] to target/classes
[WARNING] /Users/mac/Documents/GitHub/Flatery_backend-dev/src/main/java/com/Flatery/Tenant/model/TenantProfile.java:[90,21] @Builder will ignore the initializing expression entirely. If you want the initializing expression to serve as default, add @Builder.Default. If it is not supposed to be settable during building, make the field final.
[WARNING] /Users/mac/Documents/GitHub/Flatery_backend-dev/src/main/java/com/Flatery/model/help/Complaint.java:[80,21] @Builder will ignore the initializing expression entirely. If you want the initializing expression to serve as default, add @Builder.Default. If it is not supposed to be settable during building, make the field final.
[WARNING] /Users/mac/Documents/GitHub/Flatery_backend-dev/src/main/java/com/Flatery/model/help/Complaint.java:[86,21] @Builder will ignore the initializing expression entirely. If you want the initializing expression to serve as default, add @Builder.Default. If it is not supposed to be settable during building, make the field final.
[WARNING] /Users/mac/Documents/GitHub/Flatery_backend-dev/src/main/java/com/Flatery/model/payment/TenantMonthlyPaymentStatus.java:[30,21] @Builder will ignore the initializing expression entirely. If you want the initializing expression to serve as default, add @Builder.Default. If it is not supposed to be settable during building, make the field final.
[WARNING] /Users/mac/Documents/GitHub/Flatery_backend-dev/src/main/java/com/Flatery/model/payment/TenantMonthlyPaymentStatus.java:[39,27] @Builder will ignore the initializing expression entirely. If you want the initializing expression to serve as default, add @Builder.Default. If it is not supposed to be settable during building, make the field final.
[WARNING] /Users/mac/Documents/GitHub/Flatery_backend-dev/src/main/java/com/Flatery/model/payment/TenantMonthlyPaymentStatus.java:[42,27] @Builder will ignore the initializing expression entirely. If you want the initializing expression to serve as default, add @Builder.Default. If it is not supposed to be settable during building, make the field final.
[WARNING] /Users/mac/Documents/GitHub/Flatery_backend-dev/src/main/java/com/Flatery/model/payment/OwnerPaymentInfo.java:[46,21] @Builder will ignore the initializing expression entirely. If you want the initializing expression to serve as default, add @Builder.Default. If it is not supposed to be settable during building, make the field final.
[WARNING] /Users/mac/Documents/GitHub/Flatery_backend-dev/src/main/java/com/Flatery/model/payment/OwnerPaymentInfo.java:[57,20] @Builder will ignore the initializing expression entirely. If you want the initializing expression to serve as default, add @Builder.Default. If it is not supposed to be settable during building, make the field final.
[WARNING] /Users/mac/Documents/GitHub/Flatery_backend-dev/src/main/java/com/Flatery/email/entity/EmailConfig.java:[51,21] @Builder will ignore the initializing expression entirely. If you want the initializing expression to serve as default, add @Builder.Default. If it is not supposed to be settable during building, make the field final.
[WARNING] /Users/mac/Documents/GitHub/Flatery_backend-dev/src/main/java/com/Flatery/email/entity/EmailConfig.java:[54,21] @Builder will ignore the initializing expression entirely. If you want the initializing expression to serve as default, add @Builder.Default. If it is not supposed to be settable during building, make the field final.
[WARNING] /Users/mac/Documents/GitHub/Flatery_backend-dev/src/main/java/com/Flatery/model/property/PropertyView.java:[46,21] @Builder will ignore the initializing expression entirely. If you want the initializing expression to serve as default, add @Builder.Default. If it is not supposed to be settable during building, make the field final.
[WARNING] /Users/mac/Documents/GitHub/Flatery_backend-dev/src/main/java/com/Flatery/email/entity/EmailQueue.java:[48,20] @Builder will ignore the initializing expression entirely. If you want the initializing expression to serve as default, add @Builder.Default. If it is not supposed to be settable during building, make the field final.
[WARNING] /Users/mac/Documents/GitHub/Flatery_backend-dev/src/main/java/com/Flatery/email/entity/EmailQueue.java:[51,17] @Builder will ignore the initializing expression entirely. If you want the initializing expression to serve as default, add @Builder.Default. If it is not supposed to be settable during building, make the field final.
[WARNING] /Users/mac/Documents/GitHub/Flatery_backend-dev/src/main/java/com/Flatery/email/entity/EmailQueue.java:[54,21] @Builder will ignore the initializing expression entirely. If you want the initializing expression to serve as default, add @Builder.Default. If it is not supposed to be settable during building, make the field final.
[WARNING] /Users/mac/Documents/GitHub/Flatery_backend-dev/src/main/java/com/Flatery/email/entity/EmailTemplate.java:[45,21] @Builder will ignore the initializing expression entirely. If you want the initializing expression to serve as default, add @Builder.Default. If it is not supposed to be settable during building, make the field final.
[WARNING] /Users/mac/Documents/GitHub/Flatery_backend-dev/src/main/java/com/Flatery/model/tenant/Tenant.java:[95,21] @Builder will ignore the initializing expression entirely. If you want the initializing expression to serve as default, add @Builder.Default. If it is not supposed to be settable during building, make the field final.
[INFO] 
[INFO] --- resources:3.3.1:testResources (default-testResources) @ flatery.backenddd ---
[INFO] Copying 0 resource from src/test/resources to target/test-classes
[INFO] 
[INFO] --- compiler:3.11.0:testCompile (default-testCompile) @ flatery.backenddd ---
[INFO] Changes detected - recompiling the module! :dependency
[INFO] Compiling 1 source file with javac [debug release 17] to target/test-classes
[INFO] 
[INFO] <<< spring-boot:3.1.5:run (default-cli) < test-compile @ flatery.backenddd <<<
[INFO] 
[INFO] 
[INFO] --- spring-boot:3.1.5:run (default-cli) @ flatery.backenddd ---
[INFO] Attaching agents: []

  .   ____          _            __ _ _
 /\\ / ___'_ __ _ _(_)_ __  __ _ \ \ \ \
( ( )\___ | '_ | '_| | '_ \/ _` | \ \ \ \
 \\/  ___)| |_)| | | | | || (_| |  ) ) ) )
  '  |____| .__|_| |_|_| |_\__, | / / / /
 =========|_|==============|___/=/_/_/_/
 :: Spring Boot ::                (v3.1.5)

2026-01-18T05:07:06.945+05:30  INFO 92093 --- [           main] com.Flatery.Application                  : Starting Application using Java 17.0.12 with PID 92093 (/Users/mac/Documents/GitHub/Flatery_backend-dev/target/classes started by mac in /Users/mac/Documents/GitHub/Flatery_backend-dev)
2026-01-18T05:07:06.947+05:30  INFO 92093 --- [           main] com.Flatery.Application                  : No active profile set, falling back to 1 default profile: "default"
2026-01-18T05:07:07.573+05:30  INFO 92093 --- [           main] .s.d.r.c.RepositoryConfigurationDelegate : Bootstrapping Spring Data JPA repositories in DEFAULT mode.
2026-01-18T05:07:07.672+05:30  INFO 92093 --- [           main] .s.d.r.c.RepositoryConfigurationDelegate : Finished Spring Data repository scanning in 93 ms. Found 27 JPA repository interfaces.
2026-01-18T05:07:08.138+05:30  INFO 92093 --- [           main] o.s.b.w.embedded.tomcat.TomcatWebServer  : Tomcat initialized with port(s): 8081 (http)
2026-01-18T05:07:08.145+05:30  INFO 92093 --- [           main] o.apache.catalina.core.StandardService   : Starting service [Tomcat]
2026-01-18T05:07:08.145+05:30  INFO 92093 --- [           main] o.apache.catalina.core.StandardEngine    : Starting Servlet engine: [Apache Tomcat/10.1.15]
2026-01-18T05:07:08.216+05:30  INFO 92093 --- [           main] o.a.c.c.C.[Tomcat].[localhost].[/]       : Initializing Spring embedded WebApplicationContext
2026-01-18T05:07:08.217+05:30  INFO 92093 --- [           main] w.s.c.ServletWebServerApplicationContext : Root WebApplicationContext: initialization completed in 1233 ms
2026-01-18T05:07:08.348+05:30  INFO 92093 --- [           main] o.hibernate.jpa.internal.util.LogHelper  : HHH000204: Processing PersistenceUnitInfo [name: default]
2026-01-18T05:07:08.385+05:30  INFO 92093 --- [           main] org.hibernate.Version                    : HHH000412: Hibernate ORM core version 6.2.13.Final
2026-01-18T05:07:08.387+05:30  INFO 92093 --- [           main] org.hibernate.cfg.Environment            : HHH000406: Using bytecode reflection optimizer
2026-01-18T05:07:08.556+05:30  INFO 92093 --- [           main] o.s.o.j.p.SpringPersistenceUnitInfo      : No LoadTimeWeaver setup: ignoring JPA class transformer
2026-01-18T05:07:08.574+05:30  INFO 92093 --- [           main] com.zaxxer.hikari.HikariDataSource       : HikariPool-1 - Starting...
2026-01-18T05:07:08.691+05:30  INFO 92093 --- [           main] com.zaxxer.hikari.pool.HikariPool        : HikariPool-1 - Added connection com.mysql.cj.jdbc.ConnectionImpl@ff21443
2026-01-18T05:07:08.692+05:30  INFO 92093 --- [           main] com.zaxxer.hikari.HikariDataSource       : HikariPool-1 - Start completed.
2026-01-18T05:07:08.727+05:30  WARN 92093 --- [           main] org.hibernate.dialect.Dialect            : HHH000511: The 5.5.0 version for [org.hibernate.dialect.MySQLDialect] is no longer supported, hence certain features may not work properly. The minimum supported version is 5.7.0. Check the community dialects project for available legacy versions.
2026-01-18T05:07:09.811+05:30  INFO 92093 --- [           main] o.h.e.t.j.p.i.JtaPlatformInitiator       : HHH000489: No JTA platform available (set 'hibernate.transaction.jta.platform' to enable JTA platform integration)
2026-01-18T05:07:09.969+05:30  INFO 92093 --- [           main] j.LocalContainerEntityManagerFactoryBean : Initialized JPA EntityManagerFactory for persistence unit 'default'
2026-01-18T05:07:10.206+05:30  INFO 92093 --- [           main] o.s.d.j.r.query.QueryEnhancerFactory     : Hibernate is in classpath; If applicable, HQL parser will be used.
2026-01-18T05:07:11.578+05:30  INFO 92093 --- [           main] c.F.service.storage.S3StorageService     : S3StorageService initialized with bucket: flatery-assets
2026-01-18T05:07:11.726+05:30  INFO 92093 --- [           main] c.F.service.property.FileStorageService  : File storage location initialized: /Users/mac/Documents/GitHub/Flatery_backend-dev/uploads/properties
2026-01-18T05:07:12.228+05:30  WARN 92093 --- [           main] JpaBaseConfiguration$JpaWebConfiguration : spring.jpa.open-in-view is enabled by default. Therefore, database queries may be performed during view rendering. Explicitly configure spring.jpa.open-in-view to disable this warning
2026-01-18T05:07:12.657+05:30  INFO 92093 --- [           main] o.s.s.web.DefaultSecurityFilterChain     : Will secure any request with [org.springframework.security.web.session.DisableEncodeUrlFilter@41ca7df9, org.springframework.security.web.context.request.async.WebAsyncManagerIntegrationFilter@4f0908de, org.springframework.security.web.context.SecurityContextHolderFilter@25f7739c, org.springframework.security.web.header.HeaderWriterFilter@363f986e, org.springframework.web.filter.CorsFilter@19469022, org.springframework.security.web.authentication.logout.LogoutFilter@2ef43e17, com.Flatery.security.JwtAuthenticationFilter@6d6f6860, org.springframework.security.web.savedrequest.RequestCacheAwareFilter@3c83ce02, org.springframework.security.web.servletapi.SecurityContextHolderAwareRequestFilter@717d6487, org.springframework.security.web.authentication.AnonymousAuthenticationFilter@491d31d9, org.springframework.security.web.session.SessionManagementFilter@49a23dd4, org.springframework.security.web.access.ExceptionTranslationFilter@6a9659ae, org.springframework.security.web.access.intercept.AuthorizationFilter@4c4850be]
2026-01-18T05:07:12.957+05:30  INFO 92093 --- [           main] o.s.b.w.embedded.tomcat.TomcatWebServer  : Tomcat started on port(s): 8081 (http) with context path ''
2026-01-18T05:07:12.968+05:30  INFO 92093 --- [           main] com.Flatery.Application                  : Started Application in 6.252 seconds (process running for 6.486)
Hibernate: 
    select
        u1_0.id,
        u1_0.created_at,
        u1_0.email,
        u1_0.first_name,
        u1_0.last_name,
        u1_0.password,
        u1_0.phone_number,
        u1_0.updated_at,
        u1_0.username 
    from
        users u1_0 
    where
        u1_0.username=?
Hibernate: 
    select
        e1_0.id,
        e1_0.attempts,
        e1_0.body_html,
        e1_0.body_text,
        e1_0.created_at,
        e1_0.email_type,
        e1_0.last_error,
        e1_0.recipient,
        e1_0.scheduled_at,
        e1_0.status,
        e1_0.subject,
        e1_0.updated_at 
    from
        email_queue e1_0 
    where
        e1_0.status='PENDING' 
        and e1_0.scheduled_at<=? 
    order by
        e1_0.scheduled_at
2026-01-18T05:07:13.053+05:30 DEBUG 92093 --- [           main] com.Flatery.config.DataInitializer       : Super admin user already exists
2026-01-18T05:07:13.054+05:30  INFO 92093 --- [           main] c.F.email.seeder.EmailTemplateSeeder     : Checking email templates...
Hibernate: 
    select
        e1_0.id,
        e1_0.is_active,
        e1_0.created_at,
        e1_0.html_body,
        e1_0.last_updated_by,
        e1_0.placeholders,
        e1_0.subject,
        e1_0.template_key,
        e1_0.text_body,
        e1_0.updated_at 
    from
        email_templates e1_0 
    where
        e1_0.template_key=? 
        and e1_0.is_active 
    limit
        ?
Hibernate: 
    select
        e1_0.id,
        e1_0.is_active,
        e1_0.created_at,
        e1_0.html_body,
        e1_0.last_updated_by,
        e1_0.placeholders,
        e1_0.subject,
        e1_0.template_key,
        e1_0.text_body,
        e1_0.updated_at 
    from
        email_templates e1_0 
    where
        e1_0.template_key=? 
        and e1_0.is_active 
    limit
        ?
Hibernate: 
    select
        e1_0.id,
        e1_0.is_active,
        e1_0.created_at,
        e1_0.html_body,
        e1_0.last_updated_by,
        e1_0.placeholders,
        e1_0.subject,
        e1_0.template_key,
        e1_0.text_body,
        e1_0.updated_at 
    from
        email_templates e1_0 
    where
        e1_0.template_key=? 
        and e1_0.is_active 
    limit
        ?
Hibernate: 
    select
        e1_0.id,
        e1_0.is_active,
        e1_0.created_at,
        e1_0.html_body,
        e1_0.last_updated_by,
        e1_0.placeholders,
        e1_0.subject,
        e1_0.template_key,
        e1_0.text_body,
        e1_0.updated_at 
    from
        email_templates e1_0 
    where
        e1_0.template_key=? 
        and e1_0.is_active 
    limit
        ?
Hibernate: 
    select
        e1_0.id,
        e1_0.is_active,
        e1_0.created_at,
        e1_0.html_body,
        e1_0.last_updated_by,
        e1_0.placeholders,
        e1_0.subject,
        e1_0.template_key,
        e1_0.text_body,
        e1_0.updated_at 
    from
        email_templates e1_0 
    where
        e1_0.template_key=? 
        and e1_0.is_active 
    limit
        ?
Hibernate: 
    select
        e1_0.id,
        e1_0.is_active,
        e1_0.created_at,
        e1_0.html_body,
        e1_0.last_updated_by,
        e1_0.placeholders,
        e1_0.subject,
        e1_0.template_key,
        e1_0.text_body,
        e1_0.updated_at 
    from
        email_templates e1_0 
    where
        e1_0.template_key=? 
        and e1_0.is_active 
    limit
        ?
Hibernate: 
    select
        e1_0.id,
        e1_0.is_active,
        e1_0.created_at,
        e1_0.html_body,
        e1_0.last_updated_by,
        e1_0.placeholders,
        e1_0.subject,
        e1_0.template_key,
        e1_0.text_body,
        e1_0.updated_at 
    from
        email_templates e1_0 
    where
        e1_0.template_key=? 
        and e1_0.is_active 
    limit
        ?
Hibernate: 
    select
        e1_0.id,
        e1_0.is_active,
        e1_0.created_at,
        e1_0.html_body,
        e1_0.last_updated_by,
        e1_0.placeholders,
        e1_0.subject,
        e1_0.template_key,
        e1_0.text_body,
        e1_0.updated_at 
    from
        email_templates e1_0 
    where
        e1_0.template_key=? 
        and e1_0.is_active 
    limit
        ?
Hibernate: 
    select
        e1_0.id,
        e1_0.is_active,
        e1_0.created_at,
        e1_0.html_body,
        e1_0.last_updated_by,
        e1_0.placeholders,
        e1_0.subject,
        e1_0.template_key,
        e1_0.text_body,
        e1_0.updated_at 
    from
        email_templates e1_0 
    where
        e1_0.template_key=? 
        and e1_0.is_active 
    limit
        ?
2026-01-18T05:07:13.081+05:30  INFO 92093 --- [           main] c.F.email.seeder.EmailTemplateSeeder     : Email template seeding complete. New templates added: 0
Hibernate: 
    select
        count(*) 
    from
        subscription_plans s1_0
2026-01-18T05:07:13.095+05:30  INFO 92093 --- [           main] c.F.s.service.PlanInitializationService  : Subscription plans already exist, skipping initialization
2026-01-18T05:07:39.947+05:30  INFO 92093 --- [nio-8081-exec-1] o.a.c.c.C.[Tomcat].[localhost].[/]       : Initializing Spring DispatcherServlet 'dispatcherServlet'
2026-01-18T05:07:39.947+05:30  INFO 92093 --- [nio-8081-exec-1] o.s.web.servlet.DispatcherServlet        : Initializing Servlet 'dispatcherServlet'
2026-01-18T05:07:39.949+05:30  INFO 92093 --- [nio-8081-exec-1] o.s.web.servlet.DispatcherServlet        : Completed initialization in 2 ms
2026-01-18T05:07:39.954+05:30 DEBUG 92093 --- [nio-8081-exec-1] o.s.security.web.FilterChainProxy        : Securing POST /api/auth/password-reset/forgot-password
2026-01-18T05:07:39.960+05:30 DEBUG 92093 --- [nio-8081-exec-1] o.s.s.w.a.AnonymousAuthenticationFilter  : Set SecurityContextHolder to anonymous SecurityContext
2026-01-18T05:07:39.966+05:30 DEBUG 92093 --- [nio-8081-exec-1] o.s.security.web.FilterChainProxy        : Secured POST /api/auth/password-reset/forgot-password
2026-01-18T05:07:40.042+05:30  INFO 92093 --- [nio-8081-exec-1] c.F.C.auth.PasswordResetController       : Forgot password request for email: adityaraj2k21@gmail.com
Hibernate: 
    select
        u1_0.id,
        u1_0.created_at,
        u1_0.email,
        u1_0.first_name,
        u1_0.last_name,
        u1_0.password,
        u1_0.phone_number,
        u1_0.updated_at,
        u1_0.username 
    from
        users u1_0 
    where
        u1_0.email=?
Hibernate: 
    select
        count(p1_0.id) 
    from
        password_reset_otp p1_0 
    where
        p1_0.email=? 
        and p1_0.created_at>?
Hibernate: 
    insert 
    into
        password_reset_otp
        (attempts,created_at,email,expires_at,is_used,otp,user_id) 
    values
        (?,?,?,?,?,?,?)
Hibernate: 
    select
        e1_0.id,
        e1_0.is_active,
        e1_0.created_at,
        e1_0.html_body,
        e1_0.last_updated_by,
        e1_0.placeholders,
        e1_0.subject,
        e1_0.template_key,
        e1_0.text_body,
        e1_0.updated_at 
    from
        email_templates e1_0 
    where
        e1_0.template_key=? 
        and e1_0.is_active 
    limit
        ?
Hibernate: 
    insert 
    into
        email_queue
        (attempts,body_html,body_text,created_at,email_type,last_error,recipient,scheduled_at,status,subject,updated_at) 
    values
        (?,?,?,?,?,?,?,?,?,?,?)
Hibernate: 
    insert 
    into
        email_logs
        (created_at,email_id,email_type,error_message,provider_response,recipient,sent_at,status) 
    values
        (?,?,?,?,?,?,?,?)
2026-01-18T05:07:40.079+05:30  INFO 92093 --- [nio-8081-exec-1] c.Flatery.email.service.EmailDispatcher  : Queued email id=12 type=OTP_RESET_PASSWORD to=adityaraj2k21@gmail.com scheduledAt=2026-01-17T23:37:40.075282Z
2026-01-18T05:07:40.079+05:30  INFO 92093 --- [nio-8081-exec-1] c.Flatery.service.PasswordResetService   : OTP email queued successfully for: adityaraj2k21@gmail.com
2026-01-18T05:07:40.079+05:30  INFO 92093 --- [nio-8081-exec-1] c.Flatery.service.PasswordResetService   : OTP generated and sent to email: adityaraj2k21@gmail.com
Hibernate: 
    select
        p1_0.id,
        p1_0.attempts,
        p1_0.created_at,
        p1_0.email,
        p1_0.expires_at,
        p1_0.is_used,
        p1_0.otp,
        p1_0.user_id 
    from
        password_reset_otp p1_0 
    where
        p1_0.email=? 
        and p1_0.is_used=0 
        and p1_0.expires_at>current_timestamp(6) 
    order by
        p1_0.created_at desc 
    limit
        1
Hibernate: 
    select
        e1_0.id,
        e1_0.attempts,
        e1_0.body_html,
        e1_0.body_text,
        e1_0.created_at,
        e1_0.email_type,
        e1_0.last_error,
        e1_0.recipient,
        e1_0.scheduled_at,
        e1_0.status,
        e1_0.subject,
        e1_0.updated_at 
    from
        email_queue e1_0 
    where
        e1_0.status='PENDING' 
        and e1_0.scheduled_at<=? 
    order by
        e1_0.scheduled_at
Hibernate: 
    select
        e1_0.id,
        e1_0.created_at,
        e1_0.is_enabled,
        e1_0.encrypted_password,
        e1_0.encryption,
        e1_0.from_email,
        e1_0.from_name,
        e1_0.host,
        e1_0.is_paused,
        e1_0.port,
        e1_0.provider,
        e1_0.reply_to,
        e1_0.updated_at,
        e1_0.username 
    from
        email_config e1_0
Hibernate: 
    select
        e1_0.id,
        e1_0.attempts,
        e1_0.body_html,
        e1_0.body_text,
        e1_0.created_at,
        e1_0.email_type,
        e1_0.last_error,
        e1_0.recipient,
        e1_0.scheduled_at,
        e1_0.status,
        e1_0.subject,
        e1_0.updated_at 
    from
        email_queue e1_0 
    where
        e1_0.id=?
Hibernate: 
    update
        email_queue 
    set
        attempts=?,
        body_html=?,
        body_text=?,
        email_type=?,
        last_error=?,
        recipient=?,
        scheduled_at=?,
        status=?,
        subject=?,
        updated_at=? 
    where
        id=?
Hibernate: 
    insert 
    into
        email_logs
        (created_at,email_id,email_type,error_message,provider_response,recipient,sent_at,status) 
    values
        (?,?,?,?,?,?,?,?)
2026-01-18T05:08:07.648+05:30 DEBUG 92093 --- [nio-8081-exec-4] o.s.security.web.FilterChainProxy        : Securing GET /api/notifications
2026-01-18T05:08:07.648+05:30 DEBUG 92093 --- [nio-8081-exec-3] o.s.security.web.FilterChainProxy        : Securing GET /api/notifications/count
Hibernate: 
    select
        u1_0.id,
        u1_0.created_at,
        u1_0.email,
        u1_0.first_name,
        u1_0.last_name,
        u1_0.password,
        u1_0.phone_number,
        u1_0.updated_at,
        u1_0.username 
    from
        users u1_0 
    where
        lower(u1_0.username)=lower(?) 
        or lower(u1_0.email)=lower(?) 
        or u1_0.phone_number=?
Hibernate: 
    select
        u1_0.id,
        u1_0.created_at,
        u1_0.email,
        u1_0.first_name,
        u1_0.last_name,
        u1_0.password,
        u1_0.phone_number,
        u1_0.updated_at,
        u1_0.username 
    from
        users u1_0 
    where
        lower(u1_0.username)=lower(?) 
        or lower(u1_0.email)=lower(?) 
        or u1_0.phone_number=?
Hibernate: 
    select
        r1_0.user_id,
        r1_0.role 
    from
        user_roles r1_0 
    where
        r1_0.user_id=?
Hibernate: 
    select
        r1_0.user_id,
        r1_0.role 
    from
        user_roles r1_0 
    where
        r1_0.user_id=?
2026-01-18T05:08:07.697+05:30 DEBUG 92093 --- [nio-8081-exec-4] o.s.s.w.a.AnonymousAuthenticationFilter  : Set SecurityContextHolder to anonymous SecurityContext
2026-01-18T05:08:07.697+05:30 DEBUG 92093 --- [nio-8081-exec-3] o.s.s.w.a.AnonymousAuthenticationFilter  : Set SecurityContextHolder to anonymous SecurityContext
2026-01-18T05:08:07.700+05:30 DEBUG 92093 --- [nio-8081-exec-4] o.s.s.w.a.Http403ForbiddenEntryPoint     : Pre-authenticated entry point called. Rejecting access
2026-01-18T05:08:07.700+05:30 DEBUG 92093 --- [nio-8081-exec-3] o.s.s.w.a.Http403ForbiddenEntryPoint     : Pre-authenticated entry point called. Rejecting access
2026-01-18T05:08:07.703+05:30 DEBUG 92093 --- [nio-8081-exec-4] o.s.security.web.FilterChainProxy        : Securing GET /error
2026-01-18T05:08:07.703+05:30 DEBUG 92093 --- [nio-8081-exec-3] o.s.security.web.FilterChainProxy        : Securing GET /error
2026-01-18T05:08:07.706+05:30 DEBUG 92093 --- [nio-8081-exec-3] o.s.security.web.FilterChainProxy        : Secured GET /error
2026-01-18T05:08:07.707+05:30 DEBUG 92093 --- [nio-8081-exec-4] o.s.security.web.FilterChainProxy        : Secured GET /error
2026-01-18T05:08:07.714+05:30 DEBUG 92093 --- [nio-8081-exec-3] o.s.s.w.a.AnonymousAuthenticationFilter  : Set SecurityContextHolder to anonymous SecurityContext
2026-01-18T05:08:07.714+05:30 DEBUG 92093 --- [nio-8081-exec-4] o.s.s.w.a.AnonymousAuthenticationFilter  : Set SecurityContextHolder to anonymous SecurityContext
2026-01-18T05:08:07.716+05:30 DEBUG 92093 --- [nio-8081-exec-5] o.s.security.web.FilterChainProxy        : Securing GET /api/notifications/count
2026-01-18T05:08:07.716+05:30 DEBUG 92093 --- [nio-8081-exec-6] o.s.security.web.FilterChainProxy        : Securing GET /api/notifications
Hibernate: 
    select
        u1_0.id,
        u1_0.created_at,
        u1_0.email,
        u1_0.first_name,
        u1_0.last_name,
        u1_0.password,
        u1_0.phone_number,
        u1_0.updated_at,
        u1_0.username 
    from
        users u1_0 
    where
        lower(u1_0.username)=lower(?) 
        or lower(u1_0.email)=lower(?) 
        or u1_0.phone_number=?
Hibernate: 
    select
        u1_0.id,
        u1_0.created_at,
        u1_0.email,
        u1_0.first_name,
        u1_0.last_name,
        u1_0.password,
        u1_0.phone_number,
        u1_0.updated_at,
        u1_0.username 
    from
        users u1_0 
    where
        lower(u1_0.username)=lower(?) 
        or lower(u1_0.email)=lower(?) 
        or u1_0.phone_number=?
Hibernate: 
    select
        r1_0.user_id,
        r1_0.role 
    from
        user_roles r1_0 
    where
        r1_0.user_id=?
Hibernate: 
    select
        r1_0.user_id,
        r1_0.role 
    from
        user_roles r1_0 
    where
        r1_0.user_id=?
2026-01-18T05:08:07.724+05:30 DEBUG 92093 --- [nio-8081-exec-6] o.s.s.w.a.AnonymousAuthenticationFilter  : Set SecurityContextHolder to anonymous SecurityContext
2026-01-18T05:08:07.724+05:30 DEBUG 92093 --- [nio-8081-exec-5] o.s.s.w.a.AnonymousAuthenticationFilter  : Set SecurityContextHolder to anonymous SecurityContext
2026-01-18T05:08:07.725+05:30 DEBUG 92093 --- [nio-8081-exec-5] o.s.s.w.a.Http403ForbiddenEntryPoint     : Pre-authenticated entry point called. Rejecting access
2026-01-18T05:08:07.725+05:30 DEBUG 92093 --- [nio-8081-exec-6] o.s.s.w.a.Http403ForbiddenEntryPoint     : Pre-authenticated entry point called. Rejecting access
2026-01-18T05:08:07.725+05:30 DEBUG 92093 --- [nio-8081-exec-5] o.s.security.web.FilterChainProxy        : Securing GET /error
2026-01-18T05:08:07.725+05:30 DEBUG 92093 --- [nio-8081-exec-6] o.s.security.web.FilterChainProxy        : Securing GET /error
2026-01-18T05:08:07.727+05:30 DEBUG 92093 --- [nio-8081-exec-5] o.s.security.web.FilterChainProxy        : Secured GET /error
2026-01-18T05:08:07.727+05:30 DEBUG 92093 --- [nio-8081-exec-6] o.s.security.web.FilterChainProxy        : Secured GET /error
2026-01-18T05:08:07.728+05:30 DEBUG 92093 --- [nio-8081-exec-5] o.s.s.w.a.AnonymousAuthenticationFilter  : Set SecurityContextHolder to anonymous SecurityContext
2026-01-18T05:08:07.728+05:30 DEBUG 92093 --- [nio-8081-exec-6] o.s.s.w.a.AnonymousAuthenticationFilter  : Set SecurityContextHolder to anonymous SecurityContext
Hibernate: 
    select
        e1_0.id,
        e1_0.attempts,
        e1_0.body_html,
        e1_0.body_text,
        e1_0.created_at,
        e1_0.email_type,
        e1_0.last_error,
        e1_0.recipient,
        e1_0.scheduled_at,
        e1_0.status,
        e1_0.subject,
        e1_0.updated_at 
    from
        email_queue e1_0 
    where
        e1_0.status='PENDING' 
        and e1_0.scheduled_at<=? 
    order by
        e1_0.scheduled_at
Hibernate: 
    select
        e1_0.id,
        e1_0.attempts,
        e1_0.body_html,
        e1_0.body_text,
        e1_0.created_at,
        e1_0.email_type,
        e1_0.last_error,
        e1_0.recipient,
        e1_0.scheduled_at,
        e1_0.status,
        e1_0.subject,
        e1_0.updated_at 
    from
        email_queue e1_0 
    where
        e1_0.status='PENDING' 
        and e1_0.scheduled_at<=? 
    order by
        e1_0.scheduled_at
2026-01-18T05:09:07.647+05:30 DEBUG 92093 --- [nio-8081-exec-7] o.s.security.web.FilterChainProxy        : Securing GET /api/notifications/count
2026-01-18T05:09:07.647+05:30 DEBUG 92093 --- [nio-8081-exec-8] o.s.security.web.FilterChainProxy        : Securing GET /api/notifications
Hibernate: 
    select
        u1_0.id,
        u1_0.created_at,
        u1_0.email,
        u1_0.first_name,
        u1_0.last_name,
        u1_0.password,
        u1_0.phone_number,
        u1_0.updated_at,
        u1_0.username 
    from
        users u1_0 
    where
        lower(u1_0.username)=lower(?) 
        or lower(u1_0.email)=lower(?) 
        or u1_0.phone_number=?
Hibernate: 
    select
        u1_0.id,
        u1_0.created_at,
        u1_0.email,
        u1_0.first_name,
        u1_0.last_name,
        u1_0.password,
        u1_0.phone_number,
        u1_0.updated_at,
        u1_0.username 
    from
        users u1_0 
    where
        lower(u1_0.username)=lower(?) 
        or lower(u1_0.email)=lower(?) 
        or u1_0.phone_number=?
Hibernate: 
    select
        r1_0.user_id,
        r1_0.role 
    from
        user_roles r1_0 
    where
        r1_0.user_id=?
Hibernate: 
    select
        r1_0.user_id,
        r1_0.role 
    from
        user_roles r1_0 
    where
        r1_0.user_id=?
2026-01-18T05:09:07.658+05:30 DEBUG 92093 --- [nio-8081-exec-8] o.s.s.w.a.AnonymousAuthenticationFilter  : Set SecurityContextHolder to anonymous SecurityContext
2026-01-18T05:09:07.658+05:30 DEBUG 92093 --- [nio-8081-exec-7] o.s.s.w.a.AnonymousAuthenticationFilter  : Set SecurityContextHolder to anonymous SecurityContext
2026-01-18T05:09:07.659+05:30 DEBUG 92093 --- [nio-8081-exec-7] o.s.s.w.a.Http403ForbiddenEntryPoint     : Pre-authenticated entry point called. Rejecting access
2026-01-18T05:09:07.659+05:30 DEBUG 92093 --- [nio-8081-exec-8] o.s.s.w.a.Http403ForbiddenEntryPoint     : Pre-authenticated entry point called. Rejecting access
2026-01-18T05:09:07.660+05:30 DEBUG 92093 --- [nio-8081-exec-7] o.s.security.web.FilterChainProxy        : Securing GET /error
2026-01-18T05:09:07.660+05:30 DEBUG 92093 --- [nio-8081-exec-8] o.s.security.web.FilterChainProxy        : Securing GET /error
2026-01-18T05:09:07.662+05:30 DEBUG 92093 --- [nio-8081-exec-7] o.s.security.web.FilterChainProxy        : Secured GET /error
2026-01-18T05:09:07.663+05:30 DEBUG 92093 --- [nio-8081-exec-8] o.s.security.web.FilterChainProxy        : Secured GET /error
2026-01-18T05:09:07.664+05:30 DEBUG 92093 --- [nio-8081-exec-7] o.s.s.w.a.AnonymousAuthenticationFilter  : Set SecurityContextHolder to anonymous SecurityContext
2026-01-18T05:09:07.664+05:30 DEBUG 92093 --- [nio-8081-exec-8] o.s.s.w.a.AnonymousAuthenticationFilter  : Set SecurityContextHolder to anonymous SecurityContext
2026-01-18T05:09:07.666+05:30 DEBUG 92093 --- [nio-8081-exec-9] o.s.security.web.FilterChainProxy        : Securing GET /api/notifications/count
2026-01-18T05:09:07.666+05:30 DEBUG 92093 --- [io-8081-exec-10] o.s.security.web.FilterChainProxy        : Securing GET /api/notifications
Hibernate: 
    select
        u1_0.id,
        u1_0.created_at,
        u1_0.email,
        u1_0.first_name,
        u1_0.last_name,
        u1_0.password,
        u1_0.phone_number,
        u1_0.updated_at,
        u1_0.username 
    from
        users u1_0 
    where
        lower(u1_0.username)=lower(?) 
        or lower(u1_0.email)=lower(?) 
        or u1_0.phone_number=?
Hibernate: 
    select
        u1_0.id,
        u1_0.created_at,
        u1_0.email,
        u1_0.first_name,
        u1_0.last_name,
        u1_0.password,
        u1_0.phone_number,
        u1_0.updated_at,
        u1_0.username 
    from
        users u1_0 
    where
        lower(u1_0.username)=lower(?) 
        or lower(u1_0.email)=lower(?) 
        or u1_0.phone_number=?
Hibernate: 
    select
        r1_0.user_id,
        r1_0.role 
    from
        user_roles r1_0 
    where
        r1_0.user_id=?
Hibernate: 
    select
        r1_0.user_id,
        r1_0.role 
    from
        user_roles r1_0 
    where
        r1_0.user_id=?
2026-01-18T05:09:07.676+05:30 DEBUG 92093 --- [nio-8081-exec-9] o.s.s.w.a.AnonymousAuthenticationFilter  : Set SecurityContextHolder to anonymous SecurityContext
2026-01-18T05:09:07.676+05:30 DEBUG 92093 --- [io-8081-exec-10] o.s.s.w.a.AnonymousAuthenticationFilter  : Set SecurityContextHolder to anonymous SecurityContext
2026-01-18T05:09:07.677+05:30 DEBUG 92093 --- [io-8081-exec-10] o.s.s.w.a.Http403ForbiddenEntryPoint     : Pre-authenticated entry point called. Rejecting access
2026-01-18T05:09:07.677+05:30 DEBUG 92093 --- [nio-8081-exec-9] o.s.s.w.a.Http403ForbiddenEntryPoint     : Pre-authenticated entry point called. Rejecting access
2026-01-18T05:09:07.678+05:30 DEBUG 92093 --- [io-8081-exec-10] o.s.security.web.FilterChainProxy        : Securing GET /error
2026-01-18T05:09:07.678+05:30 DEBUG 92093 --- [nio-8081-exec-9] o.s.security.web.FilterChainProxy        : Securing GET /error
2026-01-18T05:09:07.680+05:30 DEBUG 92093 --- [io-8081-exec-10] o.s.security.web.FilterChainProxy        : Secured GET /error
2026-01-18T05:09:07.680+05:30 DEBUG 92093 --- [nio-8081-exec-9] o.s.security.web.FilterChainProxy        : Secured GET /error
2026-01-18T05:09:07.682+05:30 DEBUG 92093 --- [nio-8081-exec-9] o.s.s.w.a.AnonymousAuthenticationFilter  : Set SecurityContextHolder to anonymous SecurityContext
2026-01-18T05:09:07.682+05:30 DEBUG 92093 --- [io-8081-exec-10] o.s.s.w.a.AnonymousAuthenticationFilter  : Set SecurityContextHolder to anonymous SecurityContext
Hibernate: 
    select
        e1_0.id,
        e1_0.attempts,
        e1_0.body_html,
        e1_0.body_text,
        e1_0.created_at,
        e1_0.email_type,
        e1_0.last_error,
        e1_0.recipient,
        e1_0.scheduled_at,
        e1_0.status,
        e1_0.subject,
        e1_0.updated_at 
    from
        email_queue e1_0 
    where
        e1_0.status='PENDING' 
        and e1_0.scheduled_at<=? 
    order by
        e1_0.scheduled_at
Hibernate: 
    select
        e1_0.id,
        e1_0.attempts,
        e1_0.body_html,
        e1_0.body_text,
        e1_0.created_at,
        e1_0.email_type,
        e1_0.last_error,
        e1_0.recipient,
        e1_0.scheduled_at,
        e1_0.status,
        e1_0.subject,
        e1_0.updated_at 
    from
        email_queue e1_0 
    where
        e1_0.status='PENDING' 
        and e1_0.scheduled_at<=? 
    order by
        e1_0.scheduled_at
2026-01-18T05:10:07.645+05:30 DEBUG 92093 --- [nio-8081-exec-1] o.s.security.web.FilterChainProxy        : Securing GET /api/notifications/count
2026-01-18T05:10:07.645+05:30 DEBUG 92093 --- [nio-8081-exec-2] o.s.security.web.FilterChainProxy        : Securing GET /api/notifications
Hibernate: 
    select
        u1_0.id,
        u1_0.created_at,
        u1_0.email,
        u1_0.first_name,
        u1_0.last_name,
        u1_0.password,
        u1_0.phone_number,
        u1_0.updated_at,
        u1_0.username 
    from
        users u1_0 
    where
        lower(u1_0.username)=lower(?) 
        or lower(u1_0.email)=lower(?) 
        or u1_0.phone_number=?
Hibernate: 
    select
        u1_0.id,
        u1_0.created_at,
        u1_0.email,
        u1_0.first_name,
        u1_0.last_name,
        u1_0.password,
        u1_0.phone_number,
        u1_0.updated_at,
        u1_0.username 
    from
        users u1_0 
    where
        lower(u1_0.username)=lower(?) 
        or lower(u1_0.email)=lower(?) 
        or u1_0.phone_number=?
Hibernate: 
    select
        r1_0.user_id,
        r1_0.role 
    from
        user_roles r1_0 
    where
        r1_0.user_id=?
Hibernate: 
    select
        r1_0.user_id,
        r1_0.role 
    from
        user_roles r1_0 
    where
        r1_0.user_id=?
2026-01-18T05:10:07.656+05:30 DEBUG 92093 --- [nio-8081-exec-2] o.s.s.w.a.AnonymousAuthenticationFilter  : Set SecurityContextHolder to anonymous SecurityContext
2026-01-18T05:10:07.656+05:30 DEBUG 92093 --- [nio-8081-exec-1] o.s.s.w.a.AnonymousAuthenticationFilter  : Set SecurityContextHolder to anonymous SecurityContext
2026-01-18T05:10:07.658+05:30 DEBUG 92093 --- [nio-8081-exec-1] o.s.s.w.a.Http403ForbiddenEntryPoint     : Pre-authenticated entry point called. Rejecting access
2026-01-18T05:10:07.658+05:30 DEBUG 92093 --- [nio-8081-exec-2] o.s.s.w.a.Http403ForbiddenEntryPoint     : Pre-authenticated entry point called. Rejecting access
2026-01-18T05:10:07.658+05:30 DEBUG 92093 --- [nio-8081-exec-1] o.s.security.web.FilterChainProxy        : Securing GET /error
2026-01-18T05:10:07.658+05:30 DEBUG 92093 --- [nio-8081-exec-2] o.s.security.web.FilterChainProxy        : Securing GET /error
2026-01-18T05:10:07.660+05:30 DEBUG 92093 --- [nio-8081-exec-1] o.s.security.web.FilterChainProxy        : Secured GET /error
2026-01-18T05:10:07.660+05:30 DEBUG 92093 --- [nio-8081-exec-2] o.s.security.web.FilterChainProxy        : Secured GET /error
2026-01-18T05:10:07.661+05:30 DEBUG 92093 --- [nio-8081-exec-2] o.s.s.w.a.AnonymousAuthenticationFilter  : Set SecurityContextHolder to anonymous SecurityContext
2026-01-18T05:10:07.661+05:30 DEBUG 92093 --- [nio-8081-exec-1] o.s.s.w.a.AnonymousAuthenticationFilter  : Set SecurityContextHolder to anonymous SecurityContext
2026-01-18T05:10:07.663+05:30 DEBUG 92093 --- [nio-8081-exec-4] o.s.security.web.FilterChainProxy        : Securing GET /api/notifications/count
2026-01-18T05:10:07.663+05:30 DEBUG 92093 --- [nio-8081-exec-3] o.s.security.web.FilterChainProxy        : Securing GET /api/notifications
Hibernate: 
    select
        u1_0.id,
        u1_0.created_at,
        u1_0.email,
        u1_0.first_name,
        u1_0.last_name,
        u1_0.password,
        u1_0.phone_number,
        u1_0.updated_at,
        u1_0.username 
    from
        users u1_0 
    where
        lower(u1_0.username)=lower(?) 
        or lower(u1_0.email)=lower(?) 
        or u1_0.phone_number=?
Hibernate: 
    select
        u1_0.id,
        u1_0.created_at,
        u1_0.email,
        u1_0.first_name,
        u1_0.last_name,
        u1_0.password,
        u1_0.phone_number,
        u1_0.updated_at,
        u1_0.username 
    from
        users u1_0 
    where
        lower(u1_0.username)=lower(?) 
        or lower(u1_0.email)=lower(?) 
        or u1_0.phone_number=?
Hibernate: 
    select
        r1_0.user_id,
        r1_0.role 
    from
        user_roles r1_0 
    where
        r1_0.user_id=?
Hibernate: 
    select
        r1_0.user_id,
        r1_0.role 
    from
        user_roles r1_0 
    where
        r1_0.user_id=?
2026-01-18T05:10:07.674+05:30 DEBUG 92093 --- [nio-8081-exec-4] o.s.s.w.a.AnonymousAuthenticationFilter  : Set SecurityContextHolder to anonymous SecurityContext
2026-01-18T05:10:07.674+05:30 DEBUG 92093 --- [nio-8081-exec-3] o.s.s.w.a.AnonymousAuthenticationFilter  : Set SecurityContextHolder to anonymous SecurityContext
2026-01-18T05:10:07.675+05:30 DEBUG 92093 --- [nio-8081-exec-3] o.s.s.w.a.Http403ForbiddenEntryPoint     : Pre-authenticated entry point called. Rejecting access
2026-01-18T05:10:07.675+05:30 DEBUG 92093 --- [nio-8081-exec-4] o.s.s.w.a.Http403ForbiddenEntryPoint     : Pre-authenticated entry point called. Rejecting access
2026-01-18T05:10:07.675+05:30 DEBUG 92093 --- [nio-8081-exec-3] o.s.security.web.FilterChainProxy        : Securing GET /error
2026-01-18T05:10:07.676+05:30 DEBUG 92093 --- [nio-8081-exec-4] o.s.security.web.FilterChainProxy        : Securing GET /error
2026-01-18T05:10:07.677+05:30 DEBUG 92093 --- [nio-8081-exec-3] o.s.security.web.FilterChainProxy        : Secured GET /error
2026-01-18T05:10:07.677+05:30 DEBUG 92093 --- [nio-8081-exec-4] o.s.security.web.FilterChainProxy        : Secured GET /error
2026-01-18T05:10:07.678+05:30 DEBUG 92093 --- [nio-8081-exec-3] o.s.s.w.a.AnonymousAuthenticationFilter  : Set SecurityContextHolder to anonymous SecurityContext
2026-01-18T05:10:07.678+05:30 DEBUG 92093 --- [nio-8081-exec-4] o.s.s.w.a.AnonymousAuthenticationFilter  : Set SecurityContextHolder to anonymous SecurityContext
Hibernate: 
    select
        e1_0.id,
        e1_0.attempts,
        e1_0.body_html,
        e1_0.body_text,
        e1_0.created_at,
        e1_0.email_type,
        e1_0.last_error,
        e1_0.recipient,
        e1_0.scheduled_at,
        e1_0.status,
        e1_0.subject,
        e1_0.updated_at 
    from
        email_queue e1_0 
    where
        e1_0.status='PENDING' 
        and e1_0.scheduled_at<=? 
    order by
        e1_0.scheduled_at
