#
# There is insufficient memory for the Java Runtime Environment to continue.
# Native memory allocation (malloc) failed to allocate 1816512 bytes for Chunk::new
# Possible reasons:
#   The system is out of physical RAM or swap space
#   The process is running with CompressedOops enabled, and the Java Heap may be blocking the growth of the native heap
# Possible solutions:
#   Reduce memory load on the system
#   Increase physical memory or swap space
#   Check if swap backing store is full
#   Decrease Java heap size (-Xmx/-Xms)
#   Decrease number of Java threads
#   Decrease Java thread stack sizes (-Xss)
#   Set larger code cache with -XX:ReservedCodeCacheSize=
#   JVM is running with Unscaled Compressed Oops mode in which the Java heap is
#     placed in the first 4GB address space. The Java Heap base address is the
#     maximum limit for the native heap growth. Please use -XX:HeapBaseMinAddress
#     to set the Java Heap base and to place the Java Heap above 4GB virtual address.
# This output file may be truncated or incomplete.
#
#  Out of Memory Error (arena.cpp:189), pid=21076, tid=26412
#
# JRE version: Java(TM) SE Runtime Environment (17.0.12+8) (build 17.0.12+8-LTS-286)
# Java VM: Java HotSpot(TM) 64-Bit Server VM (17.0.12+8-LTS-286, mixed mode, sharing, tiered, compressed oops, compressed class ptrs, g1 gc, windows-amd64)
# No core dump will be written. Minidumps are not enabled by default on client versions of Windows
#

---------------  S U M M A R Y ------------

Command Line: --enable-native-access=ALL-UNNAMED -Dclassworlds.conf=C:\ProgramData\chocolatey\lib\maven\apache-maven-3.9.11\bin\m2.conf -Dmaven.home=C:\ProgramData\chocolatey\lib\maven\apache-maven-3.9.11 -Dlibrary.jansi.path=C:\ProgramData\chocolatey\lib\maven\apache-maven-3.9.11\lib\jansi-native -Dmaven.multiModuleProjectDirectory=C:\Users\Aditya Raj\Desktop\PC\LOCAL DISK D\Project\Flatery_backend-dev org.codehaus.plexus.classworlds.launcher.Launcher spring-boot:run

Host: AMD Ryzen 5 3500U with Radeon Vega Mobile Gfx  , 8 cores, 5G,  Windows 11 , 64 bit Build 26100 (10.0.26100.6725)
Time: Mon Oct 27 14:29:04 2025 India Standard Time elapsed time: 18.757312 seconds (0d 0h 0m 18s)

---------------  T H R E A D  ---------------

Current thread (0x000001a2a6097eb0):  JavaThread "C2 CompilerThread0" daemon [_thread_in_native, id=26412, stack(0x000000118d100000,0x000000118d200000)]


Current CompileTask:
C2:  18757 3654   !   4       org.codehaus.plexus.interpolation.StringSearchInterpolator::interpolate (692 bytes)

Stack: [0x000000118d100000,0x000000118d200000]
Native frames: (J=compiled Java code, j=interpreted, Vv=VM code, C=native code)
V  [jvm.dll+0x67a04a]
V  [jvm.dll+0x7da4ed]
V  [jvm.dll+0x7dbe33]
V  [jvm.dll+0x7dc4a3]
V  [jvm.dll+0x24508f]
V  [jvm.dll+0xab773]
V  [jvm.dll+0xabd3c]
V  [jvm.dll+0x361bee]
V  [jvm.dll+0x1ba64a]
V  [jvm.dll+0x216997]
V  [jvm.dll+0x215c6f]
V  [jvm.dll+0x1a2960]
V  [jvm.dll+0x22610b]
V  [jvm.dll+0x2242ab]
V  [jvm.dll+0x79075c]
V  [jvm.dll+0x78abea]
V  [jvm.dll+0x678f35]
C  [ucrtbase.dll+0x37b0]
C  [KERNEL32.DLL+0x2e8d7]
C  [ntdll.dll+0x8c53c]


---------------  P R O C E S S  ---------------

Threads class SMR info:
_java_thread_list=0x000001a2ec6d24f0, length=13, elements={
0x000001a287303300, 0x000001a2a60775f0, 0x000001a2a607a0d0, 0x000001a2a6093630,
0x000001a2a6094100, 0x000001a2a60969e0, 0x000001a2a60972b0, 0x000001a2a6097eb0,
0x000001a2a6098870, 0x000001a2a6099180, 0x000001a2a62fc060, 0x000001a2a6303140,
0x000001a2a68b2090
}

Java Threads: ( => current thread )
  0x000001a287303300 JavaThread "main" [_thread_in_native, id=2400, stack(0x000000118c400000,0x000000118c500000)]
  0x000001a2a60775f0 JavaThread "Reference Handler" daemon [_thread_blocked, id=22252, stack(0x000000118cb00000,0x000000118cc00000)]
  0x000001a2a607a0d0 JavaThread "Finalizer" daemon [_thread_blocked, id=5096, stack(0x000000118cc00000,0x000000118cd00000)]
  0x000001a2a6093630 JavaThread "Signal Dispatcher" daemon [_thread_blocked, id=24340, stack(0x000000118cd00000,0x000000118ce00000)]
  0x000001a2a6094100 JavaThread "Attach Listener" daemon [_thread_blocked, id=20156, stack(0x000000118ce00000,0x000000118cf00000)]
  0x000001a2a60969e0 JavaThread "Service Thread" daemon [_thread_blocked, id=4288, stack(0x000000118cf00000,0x000000118d000000)]
  0x000001a2a60972b0 JavaThread "Monitor Deflation Thread" daemon [_thread_blocked, id=8744, stack(0x000000118d000000,0x000000118d100000)]
=>0x000001a2a6097eb0 JavaThread "C2 CompilerThread0" daemon [_thread_in_native, id=26412, stack(0x000000118d100000,0x000000118d200000)]
  0x000001a2a6098870 JavaThread "C1 CompilerThread0" daemon [_thread_blocked, id=24072, stack(0x000000118d200000,0x000000118d300000)]
  0x000001a2a6099180 JavaThread "Sweeper thread" daemon [_thread_blocked, id=26244, stack(0x000000118d300000,0x000000118d400000)]
  0x000001a2a62fc060 JavaThread "Notification Thread" daemon [_thread_blocked, id=21772, stack(0x000000118d400000,0x000000118d500000)]
  0x000001a2a6303140 JavaThread "Common-Cleaner" daemon [_thread_blocked, id=24388, stack(0x000000118d600000,0x000000118d700000)]
  0x000001a2a68b2090 JavaThread "Thread-1" daemon [_thread_blocked, id=15200, stack(0x000000118de00000,0x000000118df00000)]

Other Threads:
  0x000001a2a6073c40 VMThread "VM Thread" [stack: 0x000000118ca00000,0x000000118cb00000] [id=9576]
  0x000001a287376ed0 WatcherThread [stack: 0x000000118d500000,0x000000118d600000] [id=8552]
  0x000001a287350960 GCTaskThread "GC Thread#0" [stack: 0x000000118c500000,0x000000118c600000] [id=1248]
  0x000001a2a631ff60 GCTaskThread "GC Thread#1" [stack: 0x000000118d800000,0x000000118d900000] [id=9084]
  0x000001a2a63204e0 GCTaskThread "GC Thread#2" [stack: 0x000000118d900000,0x000000118da00000] [id=26600]
  0x000001a2a63207a0 GCTaskThread "GC Thread#3" [stack: 0x000000118da00000,0x000000118db00000] [id=2144]
  0x000001a2a631f720 GCTaskThread "GC Thread#4" [stack: 0x000000118db00000,0x000000118dc00000] [id=23328]
  0x000001a2a631fca0 GCTaskThread "GC Thread#5" [stack: 0x000000118dc00000,0x000000118dd00000] [id=18788]
  0x000001a2a631eee0 GCTaskThread "GC Thread#6" [stack: 0x000000118dd00000,0x000000118de00000] [id=26276]
  0x000001a2a631f460 GCTaskThread "GC Thread#7" [stack: 0x000000118d700000,0x000000118d800000] [id=21264]
  0x000001a28735d530 ConcurrentGCThread "G1 Main Marker" [stack: 0x000000118c600000,0x000000118c700000] [id=8528]
  0x000001a287361270 ConcurrentGCThread "G1 Conc#0" [stack: 0x000000118c700000,0x000000118c800000] [id=24448]
  0x000001a2873c5170 ConcurrentGCThread "G1 Refine#0" [stack: 0x000000118c800000,0x000000118c900000] [id=25036]
  0x000001a2873c5950 ConcurrentGCThread "G1 Service" [stack: 0x000000118c900000,0x000000118ca00000] [id=18732]

Threads with active compile tasks:
C2 CompilerThread0    18842 3654   !   4       org.codehaus.plexus.interpolation.StringSearchInterpolator::interpolate (692 bytes)
C1 CompilerThread0    18842 3857       3       org.eclipse.aether.resolution.ArtifactDescriptorResult::addDependency (40 bytes)

VM state: not at safepoint (normal execution)

VM Mutex/Monitor currently owned by a thread: None

Heap address: 0x00000000a1c00000, size: 1508 MB, Compressed Oops mode: 32-bit

CDS archive(s) mapped at: [0x000001a2a7000000-0x000001a2a7bd0000-0x000001a2a7bd0000), size 12386304, SharedBaseAddress: 0x000001a2a7000000, ArchiveRelocationMode: 1.
Compressed class space mapped at: 0x000001a2a8000000-0x000001a2e8000000, reserved size: 1073741824
Narrow klass base: 0x000001a2a7000000, Narrow klass shift: 0, Narrow klass range: 0x100000000

GC Precious Log:
 CPUs: 8 total, 8 available
 Memory: 6030M
 Large Page Support: Disabled
 NUMA Support: Disabled
 Compressed Oops: Enabled (32-bit)
 Heap Region Size: 1M
 Heap Min Capacity: 8M
 Heap Initial Capacity: 96M
 Heap Max Capacity: 1508M
 Pre-touch: Disabled
 Parallel Workers: 8
 Concurrent Workers: 2
 Concurrent Refinement Workers: 8
 Periodic GC: Disabled

Heap:
 garbage-first heap   total 98304K, used 34555K [0x00000000a1c00000, 0x0000000100000000)
  region size 1024K, 31 young (31744K), 8 survivors (8192K)
 Metaspace       used 15676K, committed 15872K, reserved 1114112K
  class space    used 1861K, committed 1920K, reserved 1048576K

Heap Regions: E=young(eden), S=young(survivor), O=old, HS=humongous(starts), HC=humongous(continues), CS=collection set, F=free, OA=open archive, CA=closed archive, TAMS=top-at-mark-start (previous, next)
|   0|0x00000000a1c00000, 0x00000000a1d00000, 0x00000000a1d00000|100%| O|  |TAMS 0x00000000a1c00000, 0x00000000a1c00000| Untracked 
|   1|0x00000000a1d00000, 0x00000000a1e00000, 0x00000000a1e00000|100%| O|  |TAMS 0x00000000a1d00000, 0x00000000a1d00000| Untracked 
|   2|0x00000000a1e00000, 0x00000000a1f00000, 0x00000000a1f00000|100%| O|  |TAMS 0x00000000a1e00000, 0x00000000a1e00000| Untracked 
|   3|0x00000000a1f00000, 0x00000000a1fbee00, 0x00000000a2000000| 74%| O|  |TAMS 0x00000000a1f00000, 0x00000000a1f00000| Untracked 
|   4|0x00000000a2000000, 0x00000000a2000000, 0x00000000a2100000|  0%| F|  |TAMS 0x00000000a2000000, 0x00000000a2000000| Untracked 
|   5|0x00000000a2100000, 0x00000000a2100000, 0x00000000a2200000|  0%| F|  |TAMS 0x00000000a2100000, 0x00000000a2100000| Untracked 
|   6|0x00000000a2200000, 0x00000000a2200000, 0x00000000a2300000|  0%| F|  |TAMS 0x00000000a2200000, 0x00000000a2200000| Untracked 
|   7|0x00000000a2300000, 0x00000000a2300000, 0x00000000a2400000|  0%| F|  |TAMS 0x00000000a2300000, 0x00000000a2300000| Untracked 
|   8|0x00000000a2400000, 0x00000000a2400000, 0x00000000a2500000|  0%| F|  |TAMS 0x00000000a2400000, 0x00000000a2400000| Untracked 
|   9|0x00000000a2500000, 0x00000000a2500000, 0x00000000a2600000|  0%| F|  |TAMS 0x00000000a2500000, 0x00000000a2500000| Untracked 
|  10|0x00000000a2600000, 0x00000000a2600000, 0x00000000a2700000|  0%| F|  |TAMS 0x00000000a2600000, 0x00000000a2600000| Untracked 
|  11|0x00000000a2700000, 0x00000000a2700000, 0x00000000a2800000|  0%| F|  |TAMS 0x00000000a2700000, 0x00000000a2700000| Untracked 
|  12|0x00000000a2800000, 0x00000000a2800000, 0x00000000a2900000|  0%| F|  |TAMS 0x00000000a2800000, 0x00000000a2800000| Untracked 
|  13|0x00000000a2900000, 0x00000000a2900000, 0x00000000a2a00000|  0%| F|  |TAMS 0x00000000a2900000, 0x00000000a2900000| Untracked 
|  14|0x00000000a2a00000, 0x00000000a2a00000, 0x00000000a2b00000|  0%| F|  |TAMS 0x00000000a2a00000, 0x00000000a2a00000| Untracked 
|  15|0x00000000a2b00000, 0x00000000a2b00000, 0x00000000a2c00000|  0%| F|  |TAMS 0x00000000a2b00000, 0x00000000a2b00000| Untracked 
|  16|0x00000000a2c00000, 0x00000000a2c00000, 0x00000000a2d00000|  0%| F|  |TAMS 0x00000000a2c00000, 0x00000000a2c00000| Untracked 
|  17|0x00000000a2d00000, 0x00000000a2d00000, 0x00000000a2e00000|  0%| F|  |TAMS 0x00000000a2d00000, 0x00000000a2d00000| Untracked 
|  18|0x00000000a2e00000, 0x00000000a2e00000, 0x00000000a2f00000|  0%| F|  |TAMS 0x00000000a2e00000, 0x00000000a2e00000| Untracked 
|  19|0x00000000a2f00000, 0x00000000a2f00000, 0x00000000a3000000|  0%| F|  |TAMS 0x00000000a2f00000, 0x00000000a2f00000| Untracked 
|  20|0x00000000a3000000, 0x00000000a3000000, 0x00000000a3100000|  0%| F|  |TAMS 0x00000000a3000000, 0x00000000a3000000| Untracked 
|  21|0x00000000a3100000, 0x00000000a3100000, 0x00000000a3200000|  0%| F|  |TAMS 0x00000000a3100000, 0x00000000a3100000| Untracked 
|  22|0x00000000a3200000, 0x00000000a3200000, 0x00000000a3300000|  0%| F|  |TAMS 0x00000000a3200000, 0x00000000a3200000| Untracked 
|  23|0x00000000a3300000, 0x00000000a3300000, 0x00000000a3400000|  0%| F|  |TAMS 0x00000000a3300000, 0x00000000a3300000| Untracked 
|  24|0x00000000a3400000, 0x00000000a3400000, 0x00000000a3500000|  0%| F|  |TAMS 0x00000000a3400000, 0x00000000a3400000| Untracked 
|  25|0x00000000a3500000, 0x00000000a3500000, 0x00000000a3600000|  0%| F|  |TAMS 0x00000000a3500000, 0x00000000a3500000| Untracked 
|  26|0x00000000a3600000, 0x00000000a3600000, 0x00000000a3700000|  0%| F|  |TAMS 0x00000000a3600000, 0x00000000a3600000| Untracked 
|  27|0x00000000a3700000, 0x00000000a3700000, 0x00000000a3800000|  0%| F|  |TAMS 0x00000000a3700000, 0x00000000a3700000| Untracked 
|  28|0x00000000a3800000, 0x00000000a3800000, 0x00000000a3900000|  0%| F|  |TAMS 0x00000000a3800000, 0x00000000a3800000| Untracked 
|  29|0x00000000a3900000, 0x00000000a3900000, 0x00000000a3a00000|  0%| F|  |TAMS 0x00000000a3900000, 0x00000000a3900000| Untracked 
|  30|0x00000000a3a00000, 0x00000000a3a00000, 0x00000000a3b00000|  0%| F|  |TAMS 0x00000000a3a00000, 0x00000000a3a00000| Untracked 
|  31|0x00000000a3b00000, 0x00000000a3c00000, 0x00000000a3c00000|100%| S|CS|TAMS 0x00000000a3b00000, 0x00000000a3b00000| Complete 
|  32|0x00000000a3c00000, 0x00000000a3d00000, 0x00000000a3d00000|100%| S|CS|TAMS 0x00000000a3c00000, 0x00000000a3c00000| Complete 
|  33|0x00000000a3d00000, 0x00000000a3e00000, 0x00000000a3e00000|100%| S|CS|TAMS 0x00000000a3d00000, 0x00000000a3d00000| Complete 
|  34|0x00000000a3e00000, 0x00000000a3f00000, 0x00000000a3f00000|100%| S|CS|TAMS 0x00000000a3e00000, 0x00000000a3e00000| Complete 
|  35|0x00000000a3f00000, 0x00000000a4000000, 0x00000000a4000000|100%| S|CS|TAMS 0x00000000a3f00000, 0x00000000a3f00000| Complete 
|  36|0x00000000a4000000, 0x00000000a4100000, 0x00000000a4100000|100%| S|CS|TAMS 0x00000000a4000000, 0x00000000a4000000| Complete 
|  37|0x00000000a4100000, 0x00000000a4200000, 0x00000000a4200000|100%| S|CS|TAMS 0x00000000a4100000, 0x00000000a4100000| Complete 
|  38|0x00000000a4200000, 0x00000000a4300000, 0x00000000a4300000|100%| S|CS|TAMS 0x00000000a4200000, 0x00000000a4200000| Complete 
|  39|0x00000000a4300000, 0x00000000a4300000, 0x00000000a4400000|  0%| F|  |TAMS 0x00000000a4300000, 0x00000000a4300000| Untracked 
|  40|0x00000000a4400000, 0x00000000a4400000, 0x00000000a4500000|  0%| F|  |TAMS 0x00000000a4400000, 0x00000000a4400000| Untracked 
|  41|0x00000000a4500000, 0x00000000a4500000, 0x00000000a4600000|  0%| F|  |TAMS 0x00000000a4500000, 0x00000000a4500000| Untracked 
|  42|0x00000000a4600000, 0x00000000a4600000, 0x00000000a4700000|  0%| F|  |TAMS 0x00000000a4600000, 0x00000000a4600000| Untracked 
|  43|0x00000000a4700000, 0x00000000a4700000, 0x00000000a4800000|  0%| F|  |TAMS 0x00000000a4700000, 0x00000000a4700000| Untracked 
|  44|0x00000000a4800000, 0x00000000a4800000, 0x00000000a4900000|  0%| F|  |TAMS 0x00000000a4800000, 0x00000000a4800000| Untracked 
|  45|0x00000000a4900000, 0x00000000a4900000, 0x00000000a4a00000|  0%| F|  |TAMS 0x00000000a4900000, 0x00000000a4900000| Untracked 
|  46|0x00000000a4a00000, 0x00000000a4a00000, 0x00000000a4b00000|  0%| F|  |TAMS 0x00000000a4a00000, 0x00000000a4a00000| Untracked 
|  47|0x00000000a4b00000, 0x00000000a4b00000, 0x00000000a4c00000|  0%| F|  |TAMS 0x00000000a4b00000, 0x00000000a4b00000| Untracked 
|  48|0x00000000a4c00000, 0x00000000a4c00000, 0x00000000a4d00000|  0%| F|  |TAMS 0x00000000a4c00000, 0x00000000a4c00000| Untracked 
|  49|0x00000000a4d00000, 0x00000000a4d00000, 0x00000000a4e00000|  0%| F|  |TAMS 0x00000000a4d00000, 0x00000000a4d00000| Untracked 
|  50|0x00000000a4e00000, 0x00000000a4e00000, 0x00000000a4f00000|  0%| F|  |TAMS 0x00000000a4e00000, 0x00000000a4e00000| Untracked 
|  51|0x00000000a4f00000, 0x00000000a4f00000, 0x00000000a5000000|  0%| F|  |TAMS 0x00000000a4f00000, 0x00000000a4f00000| Untracked 
|  52|0x00000000a5000000, 0x00000000a5000000, 0x00000000a5100000|  0%| F|  |TAMS 0x00000000a5000000, 0x00000000a5000000| Untracked 
|  53|0x00000000a5100000, 0x00000000a5100000, 0x00000000a5200000|  0%| F|  |TAMS 0x00000000a5100000, 0x00000000a5100000| Untracked 
|  54|0x00000000a5200000, 0x00000000a5200000, 0x00000000a5300000|  0%| F|  |TAMS 0x00000000a5200000, 0x00000000a5200000| Untracked 
|  55|0x00000000a5300000, 0x00000000a5300000, 0x00000000a5400000|  0%| F|  |TAMS 0x00000000a5300000, 0x00000000a5300000| Untracked 
|  56|0x00000000a5400000, 0x00000000a5400000, 0x00000000a5500000|  0%| F|  |TAMS 0x00000000a5400000, 0x00000000a5400000| Untracked 
|  57|0x00000000a5500000, 0x00000000a5500000, 0x00000000a5600000|  0%| F|  |TAMS 0x00000000a5500000, 0x00000000a5500000| Untracked 
|  58|0x00000000a5600000, 0x00000000a5600000, 0x00000000a5700000|  0%| F|  |TAMS 0x00000000a5600000, 0x00000000a5600000| Untracked 
|  59|0x00000000a5700000, 0x00000000a5700000, 0x00000000a5800000|  0%| F|  |TAMS 0x00000000a5700000, 0x00000000a5700000| Untracked 
|  60|0x00000000a5800000, 0x00000000a5800000, 0x00000000a5900000|  0%| F|  |TAMS 0x00000000a5800000, 0x00000000a5800000| Untracked 
|  61|0x00000000a5900000, 0x00000000a5900000, 0x00000000a5a00000|  0%| F|  |TAMS 0x00000000a5900000, 0x00000000a5900000| Untracked 
|  62|0x00000000a5a00000, 0x00000000a5a00000, 0x00000000a5b00000|  0%| F|  |TAMS 0x00000000a5a00000, 0x00000000a5a00000| Untracked 
|  63|0x00000000a5b00000, 0x00000000a5b00000, 0x00000000a5c00000|  0%| F|  |TAMS 0x00000000a5b00000, 0x00000000a5b00000| Untracked 
|  64|0x00000000a5c00000, 0x00000000a5c00000, 0x00000000a5d00000|  0%| F|  |TAMS 0x00000000a5c00000, 0x00000000a5c00000| Untracked 
|  65|0x00000000a5d00000, 0x00000000a5d00000, 0x00000000a5e00000|  0%| F|  |TAMS 0x00000000a5d00000, 0x00000000a5d00000| Untracked 
|  66|0x00000000a5e00000, 0x00000000a5e00000, 0x00000000a5f00000|  0%| F|  |TAMS 0x00000000a5e00000, 0x00000000a5e00000| Untracked 
|  67|0x00000000a5f00000, 0x00000000a5f00000, 0x00000000a6000000|  0%| F|  |TAMS 0x00000000a5f00000, 0x00000000a5f00000| Untracked 
|  68|0x00000000a6000000, 0x00000000a6000000, 0x00000000a6100000|  0%| F|  |TAMS 0x00000000a6000000, 0x00000000a6000000| Untracked 
|  69|0x00000000a6100000, 0x00000000a6100000, 0x00000000a6200000|  0%| F|  |TAMS 0x00000000a6100000, 0x00000000a6100000| Untracked 
|  70|0x00000000a6200000, 0x00000000a6200000, 0x00000000a6300000|  0%| F|  |TAMS 0x00000000a6200000, 0x00000000a6200000| Untracked 
|  71|0x00000000a6300000, 0x00000000a6300000, 0x00000000a6400000|  0%| F|  |TAMS 0x00000000a6300000, 0x00000000a6300000| Untracked 
|  72|0x00000000a6400000, 0x00000000a6400000, 0x00000000a6500000|  0%| F|  |TAMS 0x00000000a6400000, 0x00000000a6400000| Untracked 
|  73|0x00000000a6500000, 0x00000000a6580800, 0x00000000a6600000| 50%| E|  |TAMS 0x00000000a6500000, 0x00000000a6500000| Complete 
|  74|0x00000000a6600000, 0x00000000a6700000, 0x00000000a6700000|100%| E|CS|TAMS 0x00000000a6600000, 0x00000000a6600000| Complete 
|  75|0x00000000a6700000, 0x00000000a6800000, 0x00000000a6800000|100%| E|CS|TAMS 0x00000000a6700000, 0x00000000a6700000| Complete 
|  76|0x00000000a6800000, 0x00000000a6900000, 0x00000000a6900000|100%| E|CS|TAMS 0x00000000a6800000, 0x00000000a6800000| Complete 
|  77|0x00000000a6900000, 0x00000000a6a00000, 0x00000000a6a00000|100%| E|CS|TAMS 0x00000000a6900000, 0x00000000a6900000| Complete 
|  78|0x00000000a6a00000, 0x00000000a6b00000, 0x00000000a6b00000|100%| E|CS|TAMS 0x00000000a6a00000, 0x00000000a6a00000| Complete 
|  79|0x00000000a6b00000, 0x00000000a6c00000, 0x00000000a6c00000|100%| E|CS|TAMS 0x00000000a6b00000, 0x00000000a6b00000| Complete 
|  80|0x00000000a6c00000, 0x00000000a6d00000, 0x00000000a6d00000|100%| E|CS|TAMS 0x00000000a6c00000, 0x00000000a6c00000| Complete 
|  81|0x00000000a6d00000, 0x00000000a6e00000, 0x00000000a6e00000|100%| E|CS|TAMS 0x00000000a6d00000, 0x00000000a6d00000| Complete 
|  82|0x00000000a6e00000, 0x00000000a6f00000, 0x00000000a6f00000|100%| E|CS|TAMS 0x00000000a6e00000, 0x00000000a6e00000| Complete 
|  83|0x00000000a6f00000, 0x00000000a7000000, 0x00000000a7000000|100%| E|CS|TAMS 0x00000000a6f00000, 0x00000000a6f00000| Complete 
|  84|0x00000000a7000000, 0x00000000a7100000, 0x00000000a7100000|100%| E|CS|TAMS 0x00000000a7000000, 0x00000000a7000000| Complete 
|  85|0x00000000a7100000, 0x00000000a7200000, 0x00000000a7200000|100%| E|CS|TAMS 0x00000000a7100000, 0x00000000a7100000| Complete 
|  86|0x00000000a7200000, 0x00000000a7300000, 0x00000000a7300000|100%| E|CS|TAMS 0x00000000a7200000, 0x00000000a7200000| Complete 
|  87|0x00000000a7300000, 0x00000000a7400000, 0x00000000a7400000|100%| E|CS|TAMS 0x00000000a7300000, 0x00000000a7300000| Complete 
|  88|0x00000000a7400000, 0x00000000a7500000, 0x00000000a7500000|100%| E|CS|TAMS 0x00000000a7400000, 0x00000000a7400000| Complete 
|  89|0x00000000a7500000, 0x00000000a7600000, 0x00000000a7600000|100%| E|CS|TAMS 0x00000000a7500000, 0x00000000a7500000| Complete 
|  90|0x00000000a7600000, 0x00000000a7700000, 0x00000000a7700000|100%| E|CS|TAMS 0x00000000a7600000, 0x00000000a7600000| Complete 
|  91|0x00000000a7700000, 0x00000000a7800000, 0x00000000a7800000|100%| E|CS|TAMS 0x00000000a7700000, 0x00000000a7700000| Complete 
|  92|0x00000000a7800000, 0x00000000a7900000, 0x00000000a7900000|100%| E|CS|TAMS 0x00000000a7800000, 0x00000000a7800000| Complete 
|  93|0x00000000a7900000, 0x00000000a7a00000, 0x00000000a7a00000|100%| E|CS|TAMS 0x00000000a7900000, 0x00000000a7900000| Complete 
|  94|0x00000000a7a00000, 0x00000000a7b00000, 0x00000000a7b00000|100%| E|CS|TAMS 0x00000000a7a00000, 0x00000000a7a00000| Complete 
|  95|0x00000000a7b00000, 0x00000000a7c00000, 0x00000000a7c00000|100%| E|CS|TAMS 0x00000000a7b00000, 0x00000000a7b00000| Complete 

Card table byte_map: [0x000001a2a0110000,0x000001a2a0410000] _byte_map_base: 0x000001a29fc02000

Marking Bits (Prev, Next): (CMBitMap*) 0x000001a287350f80, (CMBitMap*) 0x000001a287350fc0
 Prev Bits: [0x000001a2a0710000, 0x000001a2a1ea0000)
 Next Bits: [0x000001a2a1ea0000, 0x000001a2a3630000)

Polling page: 0x000001a2873d0000

Metaspace:

Usage:
  Non-class:     13.49 MB used.
      Class:      1.82 MB used.
       Both:     15.31 MB used.

Virtual space:
  Non-class space:       64.00 MB reserved,      13.62 MB ( 21%) committed,  1 nodes.
      Class space:        1.00 GB reserved,       1.88 MB ( <1%) committed,  1 nodes.
             Both:        1.06 GB reserved,      15.50 MB (  1%) committed. 

Chunk freelists:
   Non-Class:  1.89 MB
       Class:  13.94 MB
        Both:  15.84 MB

MaxMetaspaceSize: unlimited
CompressedClassSpaceSize: 1.00 GB
Initial GC threshold: 21.00 MB
Current GC threshold: 21.00 MB
CDS: on
MetaspaceReclaimPolicy: balanced
 - commit_granule_bytes: 65536.
 - commit_granule_words: 8192.
 - virtual_space_node_default_size: 8388608.
 - enlarge_chunks_in_place: 1.
 - new_chunks_are_fully_committed: 0.
 - uncommit_free_chunks: 1.
 - use_allocation_guard: 0.
 - handle_deallocations: 1.


Internal statistics:

num_allocs_failed_limit: 0.
num_arena_births: 102.
num_arena_deaths: 0.
num_vsnodes_births: 2.
num_vsnodes_deaths: 0.
num_space_committed: 248.
num_space_uncommitted: 0.
num_chunks_returned_to_freelist: 0.
num_chunks_taken_from_freelist: 650.
num_chunk_merges: 0.
num_chunk_splits: 435.
num_chunks_enlarged: 350.
num_inconsistent_stats: 0.

CodeHeap 'non-profiled nmethods': size=120000Kb used=1713Kb max_used=1713Kb free=118286Kb
 bounds [0x000001a297e80000, 0x000001a2980f0000, 0x000001a29f3b0000]
CodeHeap 'profiled nmethods': size=120000Kb used=8025Kb max_used=8025Kb free=111975Kb
 bounds [0x000001a2903b0000, 0x000001a290b90000, 0x000001a2978e0000]
CodeHeap 'non-nmethods': size=5760Kb used=1180Kb max_used=1211Kb free=4579Kb
 bounds [0x000001a2978e0000, 0x000001a297b50000, 0x000001a297e80000]
 total_blobs=4319 nmethods=3847 adapters=384
 compilation: enabled
              stopped_count=0, restarted_count=0
 full_count=0

Compilation events (20 events):
Event: 17.555 Thread 0x000001a2a6098870 nmethod 3823 0x000001a290b76810 code [0x000001a290b76c60, 0x000001a290b78d38]
Event: 17.638 Thread 0x000001a2a6098870 3824       1       org.apache.maven.model.License::setName (6 bytes)
Event: 17.638 Thread 0x000001a2a6098870 nmethod 3824 0x000001a29802a610 code [0x000001a29802a7a0, 0x000001a29802a8b8]
Event: 17.656 Thread 0x000001a2a6098870 3825       1       org.apache.maven.model.License::setUrl (6 bytes)
Event: 17.657 Thread 0x000001a2a6098870 nmethod 3825 0x000001a29802a910 code [0x000001a29802aaa0, 0x000001a29802abb8]
Event: 17.672 Thread 0x000001a2a6098870 3826       3       java.util.TreeMap::<init> (20 bytes)
Event: 17.672 Thread 0x000001a2a6098870 nmethod 3826 0x000001a290b79810 code [0x000001a290b799c0, 0x000001a290b79bd8]
Event: 17.695 Thread 0x000001a2a6098870 3829       3       org.apache.maven.model.io.xpp3.MavenXpp3Reader::parsePluginExecution (345 bytes)
Event: 17.701 Thread 0x000001a2a6098870 nmethod 3829 0x000001a290b79c90 code [0x000001a290b7a1e0, 0x000001a290b7c978]
Event: 17.701 Thread 0x000001a2a6098870 3830       1       org.apache.maven.model.Profile::setActivation (6 bytes)
Event: 17.702 Thread 0x000001a2a6098870 nmethod 3830 0x000001a29802ac10 code [0x000001a29802ada0, 0x000001a29802aeb8]
Event: 17.702 Thread 0x000001a2a6098870 3831       3       java.lang.String::split (7 bytes)
Event: 17.702 Thread 0x000001a2a6098870 nmethod 3831 0x000001a290b7d810 code [0x000001a290b7d9a0, 0x000001a290b7dae8]
Event: 17.705 Thread 0x000001a2a6098870 3832       1       org.apache.maven.model.Organization::getUrl (5 bytes)
Event: 17.705 Thread 0x000001a2a6098870 nmethod 3832 0x000001a29802af10 code [0x000001a29802b0a0, 0x000001a29802b178]
Event: 17.709 Thread 0x000001a2a6098870 3833       3       org.codehaus.plexus.util.xml.Xpp3Dom::getChildrenAsList (88 bytes)
Event: 17.711 Thread 0x000001a2a6098870 nmethod 3833 0x000001a290b7db90 code [0x000001a290b7de20, 0x000001a290b7ec48]
Event: 17.745 Thread 0x000001a2a6098870 3834       1       org.eclipse.aether.graph.DefaultDependencyNode::getChildren (5 bytes)
Event: 17.745 Thread 0x000001a2a6098870 nmethod 3834 0x000001a29802b210 code [0x000001a29802b3a0, 0x000001a29802b478]
Event: 17.767 Thread 0x000001a2a6098870 3835   !   3       org.codehaus.plexus.interpolation.RegexBasedInterpolator::interpolate (321 bytes)

GC Heap History (6 events):
Event: 3.688 GC heap before
{Heap before GC invocations=0 (full 0):
 garbage-first heap   total 98304K, used 22528K [0x00000000a1c00000, 0x0000000100000000)
  region size 1024K, 23 young (23552K), 0 survivors (0K)
 Metaspace       used 5430K, committed 5568K, reserved 1114112K
  class space    used 657K, committed 768K, reserved 1048576K
}
Event: 3.719 GC heap after
{Heap after GC invocations=1 (full 0):
 garbage-first heap   total 98304K, used 3664K [0x00000000a1c00000, 0x0000000100000000)
  region size 1024K, 3 young (3072K), 3 survivors (3072K)
 Metaspace       used 5430K, committed 5568K, reserved 1114112K
  class space    used 657K, committed 768K, reserved 1048576K
}
Event: 7.985 GC heap before
{Heap before GC invocations=1 (full 0):
 garbage-first heap   total 98304K, used 33360K [0x00000000a1c00000, 0x0000000100000000)
  region size 1024K, 32 young (32768K), 3 survivors (3072K)
 Metaspace       used 9318K, committed 9472K, reserved 1114112K
  class space    used 1130K, committed 1216K, reserved 1048576K
}
Event: 7.999 GC heap after
{Heap after GC invocations=2 (full 0):
 garbage-first heap   total 98304K, used 5177K [0x00000000a1c00000, 0x0000000100000000)
  region size 1024K, 2 young (2048K), 2 survivors (2048K)
 Metaspace       used 9318K, committed 9472K, reserved 1114112K
  class space    used 1130K, committed 1216K, reserved 1048576K
}
Event: 15.838 GC heap before
{Heap before GC invocations=2 (full 0):
 garbage-first heap   total 98304K, used 61497K [0x00000000a1c00000, 0x0000000100000000)
  region size 1024K, 57 young (58368K), 2 survivors (2048K)
 Metaspace       used 15425K, committed 15616K, reserved 1114112K
  class space    used 1858K, committed 1920K, reserved 1048576K
}
Event: 15.888 GC heap after
{Heap after GC invocations=3 (full 0):
 garbage-first heap   total 98304K, used 12027K [0x00000000a1c00000, 0x0000000100000000)
  region size 1024K, 8 young (8192K), 8 survivors (8192K)
 Metaspace       used 15425K, committed 15616K, reserved 1114112K
  class space    used 1858K, committed 1920K, reserved 1048576K
}

Deoptimization events (20 events):
Event: 16.633 Thread 0x000001a287303300 DEOPT PACKING pc=0x000001a298013c2c sp=0x000000118c4fb760
Event: 16.633 Thread 0x000001a287303300 DEOPT UNPACKING pc=0x000001a2979323a3 sp=0x000000118c4fb6f0 mode 2
Event: 16.679 Thread 0x000001a287303300 Uncommon trap: trap_request=0xffffff45 fr.pc=0x000001a297ef6ec4 relative=0x0000000000000584
Event: 16.679 Thread 0x000001a287303300 Uncommon trap: reason=unstable_if action=reinterpret pc=0x000001a297ef6ec4 method=java.lang.String.regionMatches(ZILjava/lang/String;II)Z @ 21 c2
Event: 16.679 Thread 0x000001a287303300 DEOPT PACKING pc=0x000001a297ef6ec4 sp=0x000000118c4fc6d0
Event: 16.679 Thread 0x000001a287303300 DEOPT UNPACKING pc=0x000001a2979323a3 sp=0x000000118c4fc678 mode 2
Event: 16.771 Thread 0x000001a287303300 Uncommon trap: trap_request=0xffffff45 fr.pc=0x000001a298004ae0 relative=0x0000000000000300
Event: 16.771 Thread 0x000001a287303300 Uncommon trap: reason=unstable_if action=reinterpret pc=0x000001a298004ae0 method=org.apache.maven.model.ConfigurationContainer.getLocation(Ljava/lang/Object;)Lorg/apache/maven/model/InputLocation; @ 18 c2
Event: 16.771 Thread 0x000001a287303300 DEOPT PACKING pc=0x000001a298004ae0 sp=0x000000118c4fbbf0
Event: 16.772 Thread 0x000001a287303300 DEOPT UNPACKING pc=0x000001a2979323a3 sp=0x000000118c4fbb90 mode 2
Event: 16.849 Thread 0x000001a287303300 Uncommon trap: trap_request=0xffffffde fr.pc=0x000001a297ec2d24 relative=0x0000000000000f84
Event: 16.849 Thread 0x000001a287303300 Uncommon trap: reason=class_check action=maybe_recompile pc=0x000001a297ec2d24 method=java.util.concurrent.ConcurrentHashMap.putVal(Ljava/lang/Object;Ljava/lang/Object;Z)Ljava/lang/Object; @ 242 c2
Event: 16.849 Thread 0x000001a287303300 DEOPT PACKING pc=0x000001a297ec2d24 sp=0x000000118c4fcb50
Event: 16.849 Thread 0x000001a287303300 DEOPT UNPACKING pc=0x000001a2979323a3 sp=0x000000118c4fcac0 mode 2
Event: 17.034 Thread 0x000001a287303300 Uncommon trap: trap_request=0xffffff76 fr.pc=0x000001a297ee81a8 relative=0x0000000000000288
Event: 17.034 Thread 0x000001a287303300 Uncommon trap: reason=predicate action=maybe_recompile pc=0x000001a297ee81a8 method=java.nio.charset.CharsetDecoder.decode(Ljava/nio/ByteBuffer;Ljava/nio/CharBuffer;Z)Ljava/nio/charset/CoderResult; @ 54 c2
Event: 17.034 Thread 0x000001a287303300 DEOPT PACKING pc=0x000001a297ee81a8 sp=0x000000118c4fbdc0
Event: 17.034 Thread 0x000001a287303300 DEOPT UNPACKING pc=0x000001a2979323a3 sp=0x000000118c4fbd60 mode 2
Event: 17.788 Thread 0x000001a287303300 DEOPT PACKING pc=0x000001a290ab4aad sp=0x000000118c4fbfb0
Event: 18.745 Thread 0x000001a287303300 DEOPT UNPACKING pc=0x000001a297932b43 sp=0x000000118c4fb4b8 mode 0

Classes unloaded (0 events):
No events

Classes redefined (0 events):
No events

Internal exceptions (20 events):
Event: 3.212 Thread 0x000001a287303300 Exception <a 'java/lang/NoSuchMethodError'{0x00000000a6a218a0}: 'java.lang.Object java.lang.invoke.DirectMethodHandle$Holder.newInvokeSpecial(java.lang.Object, java.lang.Object, java.lang.Object, java.lang.Object, java.lang.Object)'> (0x00000000a6a218a0) 
thrown [s\open\src\hotspot\share\interpreter\linkResolver.cpp, line 759]
Event: 3.374 Thread 0x000001a287303300 Exception <a 'java/lang/NoSuchMethodError'{0x00000000a6946930}: 'int java.lang.invoke.DirectMethodHandle$Holder.invokeStaticInit(java.lang.Object, java.lang.Object)'> (0x00000000a6946930) 
thrown [s\open\src\hotspot\share\interpreter\linkResolver.cpp, line 759]
Event: 3.412 Thread 0x000001a287303300 Exception <a 'java/lang/NoClassDefFoundError'{0x00000000a69814a8}: javax/enterprise/inject/Typed> (0x00000000a69814a8) 
thrown [s\open\src\hotspot\share\classfile\systemDictionary.cpp, line 245]
Event: 8.332 Thread 0x000001a287303300 Exception <a 'java/lang/NoSuchMethodError'{0x00000000a76f7eb0}: 'void java.lang.invoke.DirectMethodHandle$Holder.invokeStaticInit(java.lang.Object, java.lang.Object, java.lang.Object)'> (0x00000000a76f7eb0) 
thrown [s\open\src\hotspot\share\interpreter\linkResolver.cpp, line 759]
Event: 8.343 Thread 0x000001a287303300 Exception <a 'java/lang/ExceptionInInitializerError'{0x00000000a7525a08}> (0x00000000a7525a08) 
thrown [s\open\src\hotspot\share\oops\instanceKlass.cpp, line 1216]
Event: 8.373 Thread 0x000001a287303300 Implicit null exception at 0x000001a297efe72f to 0x000001a297efe88c
Event: 8.377 Thread 0x000001a287303300 Exception <a 'java/lang/NoSuchMethodError'{0x00000000a758db98}: 'java.lang.Object java.lang.invoke.Invokers$Holder.invokeExact_MT(java.lang.Object, int, java.lang.Object)'> (0x00000000a758db98) 
thrown [s\open\src\hotspot\share\interpreter\linkResolver.cpp, line 759]
Event: 8.416 Thread 0x000001a287303300 Exception <a 'java/lang/NoSuchMethodError'{0x00000000a7413808}: 'int java.lang.invoke.DirectMethodHandle$Holder.invokeSpecial(java.lang.Object, java.lang.Object, java.lang.Object, java.lang.Object)'> (0x00000000a7413808) 
thrown [s\open\src\hotspot\share\interpreter\linkResolver.cpp, line 759]
Event: 9.628 Thread 0x000001a287303300 Exception <a 'java/lang/NoClassDefFoundError'{0x00000000a6c52e20}: com/google/inject/servlet/ServletModuleTargetVisitor> (0x00000000a6c52e20) 
thrown [s\open\src\hotspot\share\classfile\systemDictionary.cpp, line 245]
Event: 9.786 Thread 0x000001a287303300 Exception <a 'java/lang/NoSuchMethodError'{0x00000000a6be9a98}: 'void java.lang.invoke.DirectMethodHandle$Holder.invokeVirtual(java.lang.Object, java.lang.Object)'> (0x00000000a6be9a98) 
thrown [s\open\src\hotspot\share\interpreter\linkResolver.cpp, line 759]
Event: 9.841 Thread 0x000001a287303300 Exception <a 'java/lang/NoSuchMethodError'{0x00000000a6a62898}: 'java.lang.Object java.lang.invoke.DirectMethodHandle$Holder.invokeStaticInit(java.lang.Object, int, int, int, int)'> (0x00000000a6a62898) 
thrown [s\open\src\hotspot\share\interpreter\linkResolver.cpp, line 759]
Event: 11.449 Thread 0x000001a287303300 Implicit null exception at 0x000001a297ea0af2 to 0x000001a297ea10bc
Event: 11.449 Thread 0x000001a287303300 Implicit null exception at 0x000001a297ea4472 to 0x000001a297ea4a4c
Event: 11.626 Thread 0x000001a287303300 Exception <a 'java/lang/NoSuchMethodError'{0x00000000a6430ff0}: 'void java.lang.invoke.DirectMethodHandle$Holder.invokeSpecial(java.lang.Object, java.lang.Object, java.lang.Object, java.lang.Object, java.lang.Object)'> (0x00000000a6430ff0) 
thrown [s\open\src\hotspot\share\interpreter\linkResolver.cpp, line 759]
Event: 11.636 Thread 0x000001a287303300 Exception <a 'java/lang/NoSuchMethodError'{0x00000000a644e678}: 'void java.lang.invoke.DirectMethodHandle$Holder.invokeSpecial(java.lang.Object, java.lang.Object, java.lang.Object, java.lang.Object, java.lang.Object, java.lang.Object)'> (0x00000000a644e678) 
thrown [s\open\src\hotspot\share\interpreter\linkResolver.cpp, line 759]
Event: 11.701 Thread 0x000001a287303300 Exception <a 'java/lang/NoSuchMethodError'{0x00000000a6345bd8}: 'java.lang.Object java.lang.invoke.DirectMethodHandle$Holder.invokeVirtual(java.lang.Object, java.lang.Object, java.lang.Object)'> (0x00000000a6345bd8) 
thrown [s\open\src\hotspot\share\interpreter\linkResolver.cpp, line 759]
Event: 15.342 Thread 0x000001a287303300 Implicit null exception at 0x000001a297f9a7af to 0x000001a297f9a89c
Event: 15.342 Thread 0x000001a287303300 Implicit null exception at 0x000001a297f3126a to 0x000001a297f31434
Event: 15.342 Thread 0x000001a287303300 Implicit null exception at 0x000001a297f96cd8 to 0x000001a297f96d6e
Event: 15.387 Thread 0x000001a287303300 Exception <a 'java/lang/NoSuchMethodError'{0x00000000a47a2430}: 'int java.lang.invoke.DirectMethodHandle$Holder.invokeSpecialIFC(java.lang.Object, java.lang.Object, java.lang.Object, java.lang.Object)'> (0x00000000a47a2430) 
thrown [s\open\src\hotspot\share\interpreter\linkResolver.cpp, line 759]

VM Operations (20 events):
Event: 10.918 Executing VM operation: HandshakeAllThreads done
Event: 11.284 Executing VM operation: HandshakeAllThreads
Event: 11.284 Executing VM operation: HandshakeAllThreads done
Event: 11.286 Executing VM operation: HandshakeAllThreads
Event: 11.287 Executing VM operation: HandshakeAllThreads done
Event: 12.212 Executing VM operation: ICBufferFull
Event: 12.217 Executing VM operation: ICBufferFull done
Event: 13.222 Executing VM operation: Cleanup
Event: 13.222 Executing VM operation: Cleanup done
Event: 14.236 Executing VM operation: Cleanup
Event: 14.795 Executing VM operation: Cleanup done
Event: 15.338 Executing VM operation: HandshakeAllThreads
Event: 15.338 Executing VM operation: HandshakeAllThreads done
Event: 15.461 Executing VM operation: ICBufferFull
Event: 15.462 Executing VM operation: ICBufferFull done
Event: 15.838 Executing VM operation: G1CollectForAllocation
Event: 15.888 Executing VM operation: G1CollectForAllocation done
Event: 16.895 Executing VM operation: Cleanup
Event: 16.895 Executing VM operation: Cleanup done
Event: 17.909 Executing VM operation: Cleanup

Events (20 events):
Event: 12.291 loading class java/util/stream/Streams$RangeIntSpliterator
Event: 12.292 loading class java/util/stream/Streams$RangeIntSpliterator done
Event: 12.478 Thread 0x000001a2ec2403b0 Thread added: 0x000001a2ec2403b0
Event: 12.748 Thread 0x000001a2ec2403b0 Thread exited: 0x000001a2ec2403b0
Event: 14.795 Thread 0x000001a2a683eff0 Thread added: 0x000001a2a683eff0
Event: 14.956 loading class java/util/stream/MatchOps$MatchKind
Event: 14.956 loading class java/util/stream/MatchOps$MatchKind done
Event: 14.957 loading class java/util/stream/MatchOps
Event: 14.957 loading class java/util/stream/MatchOps done
Event: 14.957 loading class java/util/stream/MatchOps$MatchOp
Event: 14.957 loading class java/util/stream/MatchOps$MatchOp done
Event: 14.958 loading class java/util/stream/MatchOps$BooleanTerminalSink
Event: 14.958 loading class java/util/stream/MatchOps$BooleanTerminalSink done
Event: 14.959 loading class java/util/stream/MatchOps$1MatchSink
Event: 14.959 loading class java/util/stream/MatchOps$1MatchSink done
Event: 16.567 Thread 0x000001a2a683eff0 Thread exited: 0x000001a2a683eff0
Event: 17.018 Thread 0x000001a2a675a560 Thread added: 0x000001a2a675a560
Event: 17.033 loading class sun/nio/cs/ISO_8859_1$Decoder
Event: 17.033 loading class sun/nio/cs/ISO_8859_1$Decoder done
Event: 17.656 Thread 0x000001a2a675a560 Thread exited: 0x000001a2a675a560


Dynamic libraries:
0x00007ff79e610000 - 0x00007ff79e620000 	C:\Program Files\Java\jdk-17\bin\java.exe
0x00007fffe8ca0000 - 0x00007fffe8f08000 	C:\WINDOWS\SYSTEM32\ntdll.dll
0x00007fffe72b0000 - 0x00007fffe7379000 	C:\WINDOWS\System32\KERNEL32.DLL
0x00007fffe6000000 - 0x00007fffe63f2000 	C:\WINDOWS\System32\KERNELBASE.dll
0x00007fffe66f0000 - 0x00007fffe683b000 	C:\WINDOWS\System32\ucrtbase.dll
0x00007fffd40c0000 - 0x00007fffd40db000 	C:\Program Files\Java\jdk-17\bin\VCRUNTIME140.dll
0x00007fffc1ab0000 - 0x00007fffc1ac9000 	C:\Program Files\Java\jdk-17\bin\jli.dll
0x00007fffe7520000 - 0x00007fffe75d4000 	C:\WINDOWS\System32\ADVAPI32.dll
0x00007fffe7730000 - 0x00007fffe77d9000 	C:\WINDOWS\System32\msvcrt.dll
0x00007fffe82d0000 - 0x00007fffe8376000 	C:\WINDOWS\System32\sechost.dll
0x00007fffe6d40000 - 0x00007fffe6e58000 	C:\WINDOWS\System32\RPCRT4.dll
0x00007fffe6a90000 - 0x00007fffe6c55000 	C:\WINDOWS\System32\USER32.dll
0x00007fffe64c0000 - 0x00007fffe64e7000 	C:\WINDOWS\System32\win32u.dll
0x00007fffd3c70000 - 0x00007fffd3f03000 	C:\WINDOWS\WinSxS\amd64_microsoft.windows.common-controls_6595b64144ccf1df_6.0.26100.6899_none_3e0efeeae32e88c1\COMCTL32.dll
0x00007fffe82a0000 - 0x00007fffe82cb000 	C:\WINDOWS\System32\GDI32.dll
0x00007fffe5ed0000 - 0x00007fffe5ffd000 	C:\WINDOWS\System32\gdi32full.dll
0x00007fffe6840000 - 0x00007fffe68e3000 	C:\WINDOWS\System32\msvcp_win.dll
0x00007fffdf360000 - 0x00007fffdf36b000 	C:\WINDOWS\SYSTEM32\VERSION.dll
0x00007fffe78e0000 - 0x00007fffe790f000 	C:\WINDOWS\System32\IMM32.DLL
0x00007fffe34c0000 - 0x00007fffe34cc000 	C:\Program Files\Java\jdk-17\bin\vcruntime140_1.dll
0x00007fff8d7e0000 - 0x00007fff8d86e000 	C:\Program Files\Java\jdk-17\bin\msvcp140.dll
0x00007fff3b8a0000 - 0x00007fff3c480000 	C:\Program Files\Java\jdk-17\bin\server\jvm.dll
0x00007fffe84d0000 - 0x00007fffe84d8000 	C:\WINDOWS\System32\PSAPI.DLL
0x00007fffdf320000 - 0x00007fffdf355000 	C:\WINDOWS\SYSTEM32\WINMM.dll
0x00007fffe2a30000 - 0x00007fffe2a3a000 	C:\WINDOWS\SYSTEM32\WSOCK32.dll
0x00007fffe6cc0000 - 0x00007fffe6d34000 	C:\WINDOWS\System32\WS2_32.dll
0x00007fffe4c00000 - 0x00007fffe4c1b000 	C:\WINDOWS\SYSTEM32\kernel.appcore.dll
0x00007fffe08e0000 - 0x00007fffe08ea000 	C:\Program Files\Java\jdk-17\bin\jimage.dll
0x00007fffe34d0000 - 0x00007fffe3712000 	C:\WINDOWS\SYSTEM32\DBGHELP.DLL
0x00007fffe6f20000 - 0x00007fffe729b000 	C:\WINDOWS\System32\combase.dll
0x00007fffe75e0000 - 0x00007fffe76b7000 	C:\WINDOWS\System32\OLEAUT32.dll
0x00007fffb8d20000 - 0x00007fffb8d5c000 	C:\WINDOWS\SYSTEM32\dbgcore.DLL
0x00007fffe5e30000 - 0x00007fffe5ec8000 	C:\WINDOWS\System32\bcryptPrimitives.dll
0x00007fffaa250000 - 0x00007fffaa275000 	C:\Program Files\Java\jdk-17\bin\java.dll
0x00007fff8d3b0000 - 0x00007fff8d487000 	C:\Program Files\Java\jdk-17\bin\jsvml.dll
0x00007fffe7b50000 - 0x00007fffe829d000 	C:\WINDOWS\System32\SHELL32.dll
0x00007fffe6580000 - 0x00007fffe66eb000 	C:\WINDOWS\System32\wintypes.dll
0x00007fffe3a70000 - 0x00007fffe42cd000 	C:\WINDOWS\SYSTEM32\windows.storage.dll
0x00007fffe8b60000 - 0x00007fffe8c52000 	C:\WINDOWS\System32\SHCORE.dll
0x00007fffe76c0000 - 0x00007fffe7722000 	C:\WINDOWS\System32\shlwapi.dll
0x00007fffe5d50000 - 0x00007fffe5d79000 	C:\WINDOWS\SYSTEM32\profapi.dll
0x00007fffc1890000 - 0x00007fffc18a9000 	C:\Program Files\Java\jdk-17\bin\net.dll
0x00007fffdbd80000 - 0x00007fffdbe9f000 	C:\WINDOWS\SYSTEM32\WINHTTP.dll
0x00007fffe5170000 - 0x00007fffe51db000 	C:\WINDOWS\system32\mswsock.dll
0x00007fffbe7a0000 - 0x00007fffbe7b6000 	C:\Program Files\Java\jdk-17\bin\nio.dll
0x00007fff8d8f0000 - 0x00007fff8d908000 	C:\Program Files\Java\jdk-17\bin\zip.dll
0x00007fff8d8c0000 - 0x00007fff8d8e4000 	C:\ProgramData\chocolatey\lib\maven\apache-maven-3.9.11\lib\jansi-native\Windows\x86_64\jansi.dll
0x00007fffe0870000 - 0x00007fffe0880000 	C:\Program Files\Java\jdk-17\bin\verify.dll

dbghelp: loaded successfully - version: 4.0.5 - missing functions: none
symbol engine: initialized successfully - sym options: 0x614 - pdb path: .;C:\Program Files\Java\jdk-17\bin;C:\WINDOWS\SYSTEM32;C:\WINDOWS\WinSxS\amd64_microsoft.windows.common-controls_6595b64144ccf1df_6.0.26100.6899_none_3e0efeeae32e88c1;C:\Program Files\Java\jdk-17\bin\server;C:\ProgramData\chocolatey\lib\maven\apache-maven-3.9.11\lib\jansi-native\Windows\x86_64

VM Arguments:
jvm_args: --enable-native-access=ALL-UNNAMED -Dclassworlds.conf=C:\ProgramData\chocolatey\lib\maven\apache-maven-3.9.11\bin\m2.conf -Dmaven.home=C:\ProgramData\chocolatey\lib\maven\apache-maven-3.9.11 -Dlibrary.jansi.path=C:\ProgramData\chocolatey\lib\maven\apache-maven-3.9.11\lib\jansi-native -Dmaven.multiModuleProjectDirectory=C:\Users\Aditya Raj\Desktop\PC\LOCAL DISK D\Project\Flatery_backend-dev 
java_command: org.codehaus.plexus.classworlds.launcher.Launcher spring-boot:run
java_class_path (initial): C:\ProgramData\chocolatey\lib\maven\apache-maven-3.9.11\boot\plexus-classworlds-2.9.0.jar
Launcher Type: SUN_STANDARD

[Global flags]
     intx CICompilerCount                          = 4                                         {product} {ergonomic}
     uint ConcGCThreads                            = 2                                         {product} {ergonomic}
     uint G1ConcRefinementThreads                  = 8                                         {product} {ergonomic}
   size_t G1HeapRegionSize                         = 1048576                                   {product} {ergonomic}
    uintx GCDrainStackTargetSize                   = 64                                        {product} {ergonomic}
   size_t InitialHeapSize                          = 100663296                                 {product} {ergonomic}
   size_t MarkStackSize                            = 4194304                                   {product} {ergonomic}
   size_t MaxHeapSize                              = 1581252608                                {product} {ergonomic}
   size_t MaxNewSize                               = 947912704                                 {product} {ergonomic}
   size_t MinHeapDeltaBytes                        = 1048576                                   {product} {ergonomic}
   size_t MinHeapSize                              = 8388608                                   {product} {ergonomic}
    uintx NonNMethodCodeHeapSize                   = 5839372                                {pd product} {ergonomic}
    uintx NonProfiledCodeHeapSize                  = 122909434                              {pd product} {ergonomic}
    uintx ProfiledCodeHeapSize                     = 122909434                              {pd product} {ergonomic}
    uintx ReservedCodeCacheSize                    = 251658240                              {pd product} {ergonomic}
     bool SegmentedCodeCache                       = true                                      {product} {ergonomic}
   size_t SoftMaxHeapSize                          = 1581252608                             {manageable} {ergonomic}
     bool UseCompressedClassPointers               = true                           {product lp64_product} {ergonomic}
     bool UseCompressedOops                        = true                           {product lp64_product} {ergonomic}
     bool UseG1GC                                  = true                                      {product} {ergonomic}
     bool UseLargePagesIndividualAllocation        = false                                  {pd product} {ergonomic}

Logging:
Log output configuration:
 #0: stdout all=warning uptime,level,tags
 #1: stderr all=off uptime,level,tags

Environment Variables:
PATH=C:\Program Files\Common Files\Oracle\Java\javapath;C:\Python312\Scripts\;C:\Python312\;C:\Python311\Scripts\;C:\Python311\;C:\WINDOWS\system32;C:\WINDOWS;C:\WINDOWS\System32\Wbem;C:\WINDOWS\System32\WindowsPowerShell\v1.0\;C:\WINDOWS\System32\OpenSSH\;C:\Program Files\Microsoft SQL Server\130\Tools\Binn\;C:\Program Files\Microsoft SQL Server\Client SDK\ODBC\170\Tools\Binn\;C:\Program Files (x86)\Microsoft SQL Server\150\Tools\Binn\;C:\Program Files\Microsoft SQL Server\150\Tools\Binn\;C:\Program Files\Microsoft SQL Server\150\DTS\Binn\;C:\Program Files\dotnet\;C:\xampp\php;C:\composer;C:\ProgramData\chocolatey\bin;C:\Program Files\nodejs\;C:\Program Files\maven-mvnd-1.0.3-windows-amd64\bin;C:\ProgramData\chocolatey\lib\maven\apache-maven-3.9.11\bin;C:\ProgramData\chocolatey\lib\maven\apache-maven-3.9.11\bin;C:\Users\Aditya Raj\AppData\Local\Programs\Python\Python313\Scripts\;C:\Users\Aditya Raj\AppData\Local\Programs\Python\Python313\;C:\Users\Aditya Raj\AppData\Local\Programs\Python\Python310\Scripts\;C:\Users\Aditya Raj\AppData\Local\Programs\Python\Python310\;C:\Users\Aditya Raj\AppData\Local\Microsoft\WindowsApps;C:\Users\Aditya Raj\AppData\Local\Programs\Microsoft VS Code\bin;C:\Program Files (x86)\mingw-w64\i686-8.1.0-posix-dwarf-rt_v6-rev0\mingw32\bin;C:\Program Files\CodeBlocks\mingw-w64\i686-8.1.0-posix-dwarf-rt_v6-rev0\mingw32\bin;C:\Program Files\JetBrains\IntelliJ IDEA Community Edition 2022.2\bin;C:\Program Files\maven-mvnd-1.0.3-windows-amd64\bin;;C:\Users\Aditya Raj\Desktop\PC\LOCAL DISK D\flutter\bin;C:\Program Files\Azure Data Studio\bin;C:\Users\Aditya Raj\AppData\Local\GitHubDesktop\bin;C:\Users\Aditya Raj\AppData\Roaming\Composer\vendor\bin;C:\Users\Aditya Raj\Downloads\flutter_windows_3.3.9-stable\flutter\bin;C:\Users\Aditya Raj\AppData\Roaming\npm;C:\Users\Aditya Raj\AppData\Local\Programs\cursor\resources\app\bin;C:\ProgramData\chocolatey\lib\maven\apache-maven-3.9.11\bin;;c:\Users\Aditya Raj\AppData\Roaming\Code\User\globalStorage\github.co
USERNAME=Aditya Raj
LANG=en_US.UTF-8
OS=Windows_NT
PROCESSOR_IDENTIFIER=AMD64 Family 23 Model 24 Stepping 1, AuthenticAMD



---------------  S Y S T E M  ---------------

OS:
 Windows 11 , 64 bit Build 26100 (10.0.26100.6725)
OS uptime: 1 days 19:47 hours
Hyper-V role detected

CPU: total 8 (initial active 8) (8 cores per cpu, 2 threads per core) family 23 model 24 stepping 1 microcode 0x810810e, cx8, cmov, fxsr, ht, mmx, 3dnowpref, sse, sse2, sse3, ssse3, sse4a, sse4.1, sse4.2, popcnt, lzcnt, tsc, tscinvbit, avx, avx2, aes, clmul, bmi1, bmi2, adx, sha, fma, vzeroupper, clflush, clflushopt, hv

Memory: 4k page, system-wide physical 6030M (382M free)
TotalPageFile size 24462M (AvailPageFile size 60M)
current process WorkingSet (physical memory assigned to process): 149M, peak: 153M
current process commit charge ("private bytes"): 230M, peak: 233M

vm_info: Java HotSpot(TM) 64-Bit Server VM (17.0.12+8-LTS-286) for windows-amd64 JRE (17.0.12+8-LTS-286), built on Jun  5 2024 06:46:59 by "mach5one" with MS VC++ 17.6 (VS2022)

END.
