#
# There is insufficient memory for the Java Runtime Environment to continue.
# Native memory allocation (mmap) failed to map 28311552 bytes for G1 virtual space
# Possible reasons:
#   The system is out of physical RAM or swap space
#   The process is running with CompressedOops enabled, and the Java Heap may be blocking the growth of the native heap
# Possible solutions:
#   Reduce memory load on the system
#   Increase physical memory or swap space
#   Check if swap backing store is full
#   Decrease Java heap size (-Xmx/-Xms)
#   Decrease number of Java threads
#   Decrease Java thread stack sizes (-Xss)
#   Set larger code cache with -XX:ReservedCodeCacheSize=
#   JVM is running with Unscaled Compressed Oops mode in which the Java heap is
#     placed in the first 4GB address space. The Java Heap base address is the
#     maximum limit for the native heap growth. Please use -XX:HeapBaseMinAddress
#     to set the Java Heap base and to place the Java Heap above 4GB virtual address.
# This output file may be truncated or incomplete.
#
#  Out of Memory Error (os_windows.cpp:3548), pid=17312, tid=20072
#
# JRE version: Java(TM) SE Runtime Environment (17.0.12+8) (build 17.0.12+8-LTS-286)
# Java VM: Java HotSpot(TM) 64-Bit Server VM (17.0.12+8-LTS-286, mixed mode, sharing, tiered, compressed oops, compressed class ptrs, g1 gc, windows-amd64)
# No core dump will be written. Minidumps are not enabled by default on client versions of Windows
#

---------------  S U M M A R Y ------------

Command Line: --enable-native-access=ALL-UNNAMED -Dclassworlds.conf=C:\ProgramData\chocolatey\lib\maven\apache-maven-3.9.11\bin\m2.conf -Dmaven.home=C:\ProgramData\chocolatey\lib\maven\apache-maven-3.9.11 -Dlibrary.jansi.path=C:\ProgramData\chocolatey\lib\maven\apache-maven-3.9.11\lib\jansi-native -Dmaven.multiModuleProjectDirectory=C:\Users\Aditya Raj\Desktop\PC\LOCAL DISK D\Project\Flatery_backend-dev org.codehaus.plexus.classworlds.launcher.Launcher spring-boot:run

Host: AMD Ryzen 5 3500U with Radeon Vega Mobile Gfx  , 8 cores, 5G,  Windows 11 , 64 bit Build 26100 (10.0.26100.6725)
Time: Mon Oct 27 14:33:31 2025 India Standard Time elapsed time: 102.502171 seconds (0d 0h 1m 42s)

---------------  T H R E A D  ---------------

Current thread (0x000001f378ecb1f0):  VMThread "VM Thread" [stack: 0x000000f07f600000,0x000000f07f700000] [id=20072]

Stack: [0x000000f07f600000,0x000000f07f700000]
Native frames: (J=compiled Java code, j=interpreted, Vv=VM code, C=native code)
V  [jvm.dll+0x67a04a]
V  [jvm.dll+0x7da4ed]
V  [jvm.dll+0x7dbe33]
V  [jvm.dll+0x7dc4a3]
V  [jvm.dll+0x24508f]
V  [jvm.dll+0x677089]
V  [jvm.dll+0x66bd32]
V  [jvm.dll+0x301fa6]
V  [jvm.dll+0x309546]
V  [jvm.dll+0x359d2e]
V  [jvm.dll+0x359f5f]
V  [jvm.dll+0x2d9078]
V  [jvm.dll+0x2d74ad]
V  [jvm.dll+0x2d6afc]
V  [jvm.dll+0x31a65b]
V  [jvm.dll+0x7e0d9b]
V  [jvm.dll+0x7e1ad4]
V  [jvm.dll+0x7e1fed]
V  [jvm.dll+0x7e23c4]
V  [jvm.dll+0x7e2490]
V  [jvm.dll+0x78abea]
V  [jvm.dll+0x678f35]
C  [ucrtbase.dll+0x37b0]
C  [KERNEL32.DLL+0x2e8d7]
C  [ntdll.dll+0x8c53c]

VM_Operation (0x000000f07f0f5190): G1CollectForAllocation, mode: safepoint, requested by thread 0x000001f35b9227f0


---------------  P R O C E S S  ---------------

Threads class SMR info:
_java_thread_list=0x000001f341425b40, length=14, elements={
0x000001f35b9227f0, 0x000001f378eceeb0, 0x000001f378ed04f0, 0x000001f378eec800,
0x000001f378eef0e0, 0x000001f378eef9b0, 0x000001f378ef0df0, 0x000001f378ef2560,
0x000001f378ef6870, 0x000001f378f4e880, 0x000001f37d1ba520, 0x000001f37d1c50c0,
0x000001f37e43ad80, 0x000001f37d6e0260
}

Java Threads: ( => current thread )
  0x000001f35b9227f0 JavaThread "main" [_thread_blocked, id=316, stack(0x000000f07f000000,0x000000f07f100000)]
  0x000001f378eceeb0 JavaThread "Reference Handler" daemon [_thread_blocked, id=15744, stack(0x000000f07f700000,0x000000f07f800000)]
  0x000001f378ed04f0 JavaThread "Finalizer" daemon [_thread_blocked, id=20584, stack(0x000000f07f800000,0x000000f07f900000)]
  0x000001f378eec800 JavaThread "Signal Dispatcher" daemon [_thread_blocked, id=16032, stack(0x000000f07f900000,0x000000f07fa00000)]
  0x000001f378eef0e0 JavaThread "Attach Listener" daemon [_thread_blocked, id=8544, stack(0x000000f07fa00000,0x000000f07fb00000)]
  0x000001f378eef9b0 JavaThread "Service Thread" daemon [_thread_blocked, id=10760, stack(0x000000f07fb00000,0x000000f07fc00000)]
  0x000001f378ef0df0 JavaThread "Monitor Deflation Thread" daemon [_thread_blocked, id=15920, stack(0x000000f07fc00000,0x000000f07fd00000)]
  0x000001f378ef2560 JavaThread "C2 CompilerThread0" daemon [_thread_blocked, id=18732, stack(0x000000f07fd00000,0x000000f07fe00000)]
  0x000001f378ef6870 JavaThread "C1 CompilerThread0" daemon [_thread_blocked, id=868, stack(0x000000f07fe00000,0x000000f07ff00000)]
  0x000001f378f4e880 JavaThread "Sweeper thread" daemon [_thread_blocked, id=20624, stack(0x000000f07ff00000,0x000000f080000000)]
  0x000001f37d1ba520 JavaThread "Notification Thread" daemon [_thread_blocked, id=23020, stack(0x000000f000000000,0x000000f000100000)]
  0x000001f37d1c50c0 JavaThread "Common-Cleaner" daemon [_thread_blocked, id=10024, stack(0x000000f000200000,0x000000f000300000)]
  0x000001f37e43ad80 JavaThread "Thread-1" daemon [_thread_blocked, id=26188, stack(0x000000f000a00000,0x000000f000b00000)]
  0x000001f37d6e0260 JavaThread "C2 CompilerThread1" daemon [_thread_blocked, id=20964, stack(0x000000f000c00000,0x000000f000d00000)]

Other Threads:
=>0x000001f378ecb1f0 VMThread "VM Thread" [stack: 0x000000f07f600000,0x000000f07f700000] [id=20072]
  0x000001f37d1c4e30 WatcherThread [stack: 0x000000f000100000,0x000000f000200000] [id=25404]
  0x000001f35b96e810 GCTaskThread "GC Thread#0" [stack: 0x000000f07f100000,0x000000f07f200000] [id=9636]
  0x000001f37e2120f0 GCTaskThread "GC Thread#1" [stack: 0x000000f000400000,0x000000f000500000] [id=1984]
  0x000001f37dabaf30 GCTaskThread "GC Thread#2" [stack: 0x000000f000500000,0x000000f000600000] [id=18360]
  0x000001f37daad520 GCTaskThread "GC Thread#3" [stack: 0x000000f000600000,0x000000f000700000] [id=21880]
  0x000001f37daad7e0 GCTaskThread "GC Thread#4" [stack: 0x000000f000700000,0x000000f000800000] [id=22152]
  0x000001f37e203290 GCTaskThread "GC Thread#5" [stack: 0x000000f000800000,0x000000f000900000] [id=13280]
  0x000001f37e203550 GCTaskThread "GC Thread#6" [stack: 0x000000f000900000,0x000000f000a00000] [id=24464]
  0x000001f37da8f4e0 GCTaskThread "GC Thread#7" [stack: 0x000000f000300000,0x000000f000400000] [id=15656]
  0x000001f35b97bfc0 ConcurrentGCThread "G1 Main Marker" [stack: 0x000000f07f200000,0x000000f07f300000] [id=11252]
  0x000001f35b97d8f0 ConcurrentGCThread "G1 Conc#0" [stack: 0x000000f07f300000,0x000000f07f400000] [id=21440]
  0x000001f37d8e2110 ConcurrentGCThread "G1 Conc#1" [stack: 0x000000f000b00000,0x000000f000c00000] [id=23796]
  0x000001f378d90090 ConcurrentGCThread "G1 Refine#0" [stack: 0x000000f07f400000,0x000000f07f500000] [id=5308]
  0x000001f378d909d0 ConcurrentGCThread "G1 Service" [stack: 0x000000f07f500000,0x000000f07f600000] [id=4916]

Threads with active compile tasks:
C2 CompilerThread0   102598 7807       4       com.sun.tools.javac.comp.Attr::selectSym (457 bytes)
C2 CompilerThread1   102598 7867       4       com.sun.tools.javac.code.Scope$ScopeListenerList::walkReferences (101 bytes)

VM state: at safepoint (normal execution)

VM Mutex/Monitor currently owned by a thread:  ([mutex/lock_event])
[0x000001f35b91dfb0] Threads_lock - owner thread: 0x000001f378ecb1f0
[0x000001f35b91d7d0] Heap_lock - owner thread: 0x000001f35b9227f0

Heap address: 0x00000000a1c00000, size: 1508 MB, Compressed Oops mode: 32-bit

CDS archive(s) mapped at: [0x000001f300000000-0x000001f300bd0000-0x000001f300bd0000), size 12386304, SharedBaseAddress: 0x000001f300000000, ArchiveRelocationMode: 1.
Compressed class space mapped at: 0x000001f301000000-0x000001f341000000, reserved size: 1073741824
Narrow klass base: 0x000001f300000000, Narrow klass shift: 0, Narrow klass range: 0x100000000

GC Precious Log:
 CPUs: 8 total, 8 available
 Memory: 6030M
 Large Page Support: Disabled
 NUMA Support: Disabled
 Compressed Oops: Enabled (32-bit)
 Heap Region Size: 1M
 Heap Min Capacity: 8M
 Heap Initial Capacity: 96M
 Heap Max Capacity: 1508M
 Pre-touch: Disabled
 Parallel Workers: 8
 Concurrent Workers: 2
 Concurrent Refinement Workers: 8
 Periodic GC: Disabled

Heap:
 garbage-first heap   total 98304K, used 49437K [0x00000000a1c00000, 0x0000000100000000)
  region size 1024K, 2 young (2048K), 2 survivors (2048K)
 Metaspace       used 31051K, committed 31296K, reserved 1114112K
  class space    used 3555K, committed 3648K, reserved 1048576K

Heap Regions: E=young(eden), S=young(survivor), O=old, HS=humongous(starts), HC=humongous(continues), CS=collection set, F=free, OA=open archive, CA=closed archive, TAMS=top-at-mark-start (previous, next)
|   0|0x00000000a1c00000, 0x00000000a1d00000, 0x00000000a1d00000|100%| O|  |TAMS 0x00000000a1d00000, 0x00000000a1d00000| Untracked 
|   1|0x00000000a1d00000, 0x00000000a1e00000, 0x00000000a1e00000|100%| O|  |TAMS 0x00000000a1e00000, 0x00000000a1e00000| Untracked 
|   2|0x00000000a1e00000, 0x00000000a1f00000, 0x00000000a1f00000|100%| O|  |TAMS 0x00000000a1f00000, 0x00000000a1f00000| Untracked 
|   3|0x00000000a1f00000, 0x00000000a2000000, 0x00000000a2000000|100%| O|  |TAMS 0x00000000a2000000, 0x00000000a2000000| Untracked 
|   4|0x00000000a2000000, 0x00000000a2100000, 0x00000000a2100000|100%| O|  |TAMS 0x00000000a2100000, 0x00000000a2100000| Untracked 
|   5|0x00000000a2100000, 0x00000000a2200000, 0x00000000a2200000|100%| O|  |TAMS 0x00000000a2200000, 0x00000000a2200000| Untracked 
|   6|0x00000000a2200000, 0x00000000a2300000, 0x00000000a2300000|100%| O|  |TAMS 0x00000000a2300000, 0x00000000a2300000| Untracked 
|   7|0x00000000a2300000, 0x00000000a2400000, 0x00000000a2400000|100%| O|  |TAMS 0x00000000a2400000, 0x00000000a2400000| Untracked 
|   8|0x00000000a2400000, 0x00000000a2500000, 0x00000000a2500000|100%| O|  |TAMS 0x00000000a2500000, 0x00000000a2500000| Untracked 
|   9|0x00000000a2500000, 0x00000000a257f600, 0x00000000a2600000| 49%| O|  |TAMS 0x00000000a2500000, 0x00000000a257f600| Untracked 
|  10|0x00000000a2600000, 0x00000000a2700000, 0x00000000a2700000|100%| O|  |TAMS 0x00000000a2700000, 0x00000000a2700000| Untracked 
|  11|0x00000000a2700000, 0x00000000a2800000, 0x00000000a2800000|100%| O|  |TAMS 0x00000000a2800000, 0x00000000a2800000| Untracked 
|  12|0x00000000a2800000, 0x00000000a2900000, 0x00000000a2900000|100%|HS|  |TAMS 0x00000000a2900000, 0x00000000a2900000| Complete 
|  13|0x00000000a2900000, 0x00000000a2a00000, 0x00000000a2a00000|100%|HS|  |TAMS 0x00000000a2a00000, 0x00000000a2a00000| Complete 
|  14|0x00000000a2a00000, 0x00000000a2b00000, 0x00000000a2b00000|100%|HS|  |TAMS 0x00000000a2b00000, 0x00000000a2b00000| Complete 
|  15|0x00000000a2b00000, 0x00000000a2c00000, 0x00000000a2c00000|100%|HC|  |TAMS 0x00000000a2c00000, 0x00000000a2c00000| Complete 
|  16|0x00000000a2c00000, 0x00000000a2d00000, 0x00000000a2d00000|100%| O|  |TAMS 0x00000000a2d00000, 0x00000000a2d00000| Untracked 
|  17|0x00000000a2d00000, 0x00000000a2e00000, 0x00000000a2e00000|100%| O|  |TAMS 0x00000000a2e00000, 0x00000000a2e00000| Untracked 
|  18|0x00000000a2e00000, 0x00000000a2f00000, 0x00000000a2f00000|100%| O|  |TAMS 0x00000000a2f00000, 0x00000000a2f00000| Untracked 
|  19|0x00000000a2f00000, 0x00000000a3000000, 0x00000000a3000000|100%| O|  |TAMS 0x00000000a3000000, 0x00000000a3000000| Untracked 
|  20|0x00000000a3000000, 0x00000000a3100000, 0x00000000a3100000|100%| O|  |TAMS 0x00000000a3100000, 0x00000000a3100000| Untracked 
|  21|0x00000000a3100000, 0x00000000a3200000, 0x00000000a3200000|100%| O|  |TAMS 0x00000000a3200000, 0x00000000a3200000| Untracked 
|  22|0x00000000a3200000, 0x00000000a3300000, 0x00000000a3300000|100%| O|  |TAMS 0x00000000a3300000, 0x00000000a3300000| Untracked 
|  23|0x00000000a3300000, 0x00000000a33c9e00, 0x00000000a3400000| 78%| O|  |TAMS 0x00000000a33c9e00, 0x00000000a33c9e00| Untracked 
|  24|0x00000000a3400000, 0x00000000a3500000, 0x00000000a3500000|100%| O|  |TAMS 0x00000000a3500000, 0x00000000a3500000| Untracked 
|  25|0x00000000a3500000, 0x00000000a3600000, 0x00000000a3600000|100%| O|  |TAMS 0x00000000a3600000, 0x00000000a3600000| Untracked 
|  26|0x00000000a3600000, 0x00000000a3700000, 0x00000000a3700000|100%| O|  |TAMS 0x00000000a3700000, 0x00000000a3700000| Untracked 
|  27|0x00000000a3700000, 0x00000000a3800000, 0x00000000a3800000|100%| O|  |TAMS 0x00000000a3800000, 0x00000000a3800000| Untracked 
|  28|0x00000000a3800000, 0x00000000a3900000, 0x00000000a3900000|100%| O|  |TAMS 0x00000000a3900000, 0x00000000a3900000| Untracked 
|  29|0x00000000a3900000, 0x00000000a3a00000, 0x00000000a3a00000|100%| O|  |TAMS 0x00000000a3a00000, 0x00000000a3a00000| Untracked 
|  30|0x00000000a3a00000, 0x00000000a3b00000, 0x00000000a3b00000|100%| O|  |TAMS 0x00000000a3b00000, 0x00000000a3b00000| Untracked 
|  31|0x00000000a3b00000, 0x00000000a3c00000, 0x00000000a3c00000|100%| O|  |TAMS 0x00000000a3c00000, 0x00000000a3c00000| Untracked 
|  32|0x00000000a3c00000, 0x00000000a3d00000, 0x00000000a3d00000|100%| O|  |TAMS 0x00000000a3d00000, 0x00000000a3d00000| Untracked 
|  33|0x00000000a3d00000, 0x00000000a3e00000, 0x00000000a3e00000|100%| O|  |TAMS 0x00000000a3e00000, 0x00000000a3e00000| Untracked 
|  34|0x00000000a3e00000, 0x00000000a3f00000, 0x00000000a3f00000|100%| O|  |TAMS 0x00000000a3f00000, 0x00000000a3f00000| Untracked 
|  35|0x00000000a3f00000, 0x00000000a4000000, 0x00000000a4000000|100%| O|  |TAMS 0x00000000a4000000, 0x00000000a4000000| Untracked 
|  36|0x00000000a4000000, 0x00000000a4100000, 0x00000000a4100000|100%| O|  |TAMS 0x00000000a4100000, 0x00000000a4100000| Untracked 
|  37|0x00000000a4100000, 0x00000000a4200000, 0x00000000a4200000|100%| O|  |TAMS 0x00000000a4200000, 0x00000000a4200000| Untracked 
|  38|0x00000000a4200000, 0x00000000a4300000, 0x00000000a4300000|100%| O|  |TAMS 0x00000000a4300000, 0x00000000a4300000| Untracked 
|  39|0x00000000a4300000, 0x00000000a4400000, 0x00000000a4400000|100%| O|  |TAMS 0x00000000a4400000, 0x00000000a4400000| Untracked 
|  40|0x00000000a4400000, 0x00000000a4500000, 0x00000000a4500000|100%| O|  |TAMS 0x00000000a4500000, 0x00000000a4500000| Untracked 
|  41|0x00000000a4500000, 0x00000000a4600000, 0x00000000a4600000|100%| O|  |TAMS 0x00000000a4600000, 0x00000000a4600000| Untracked 
|  42|0x00000000a4600000, 0x00000000a4700000, 0x00000000a4700000|100%| O|  |TAMS 0x00000000a4700000, 0x00000000a4700000| Untracked 
|  43|0x00000000a4700000, 0x00000000a4700000, 0x00000000a4800000|  0%| F|  |TAMS 0x00000000a4700000, 0x00000000a4700000| Untracked 
|  44|0x00000000a4800000, 0x00000000a4900000, 0x00000000a4900000|100%| O|  |TAMS 0x00000000a4900000, 0x00000000a4900000| Untracked 
|  45|0x00000000a4900000, 0x00000000a4a00000, 0x00000000a4a00000|100%| O|  |TAMS 0x00000000a4a00000, 0x00000000a4a00000| Untracked 
|  46|0x00000000a4a00000, 0x00000000a4b00000, 0x00000000a4b00000|100%| O|  |TAMS 0x00000000a4b00000, 0x00000000a4b00000| Untracked 
|  47|0x00000000a4b00000, 0x00000000a4c00000, 0x00000000a4c00000|100%| O|  |TAMS 0x00000000a4b40008, 0x00000000a4c00000| Untracked 
|  48|0x00000000a4c00000, 0x00000000a4c00000, 0x00000000a4d00000|  0%| F|  |TAMS 0x00000000a4c00000, 0x00000000a4c00000| Untracked 
|  49|0x00000000a4d00000, 0x00000000a4d00000, 0x00000000a4e00000|  0%| F|  |TAMS 0x00000000a4d00000, 0x00000000a4d00000| Untracked 
|  50|0x00000000a4e00000, 0x00000000a4e00000, 0x00000000a4f00000|  0%| F|  |TAMS 0x00000000a4e00000, 0x00000000a4e00000| Untracked 
|  51|0x00000000a4f00000, 0x00000000a4f00000, 0x00000000a5000000|  0%| F|  |TAMS 0x00000000a4f00000, 0x00000000a4f00000| Untracked 
|  52|0x00000000a5000000, 0x00000000a5000000, 0x00000000a5100000|  0%| F|  |TAMS 0x00000000a5000000, 0x00000000a5000000| Untracked 
|  53|0x00000000a5100000, 0x00000000a5100000, 0x00000000a5200000|  0%| F|  |TAMS 0x00000000a5100000, 0x00000000a5100000| Untracked 
|  54|0x00000000a5200000, 0x00000000a5200000, 0x00000000a5300000|  0%| F|  |TAMS 0x00000000a5200000, 0x00000000a5200000| Untracked 
|  55|0x00000000a5300000, 0x00000000a5300000, 0x00000000a5400000|  0%| F|  |TAMS 0x00000000a5300000, 0x00000000a5300000| Untracked 
|  56|0x00000000a5400000, 0x00000000a5400000, 0x00000000a5500000|  0%| F|  |TAMS 0x00000000a5400000, 0x00000000a5400000| Untracked 
|  57|0x00000000a5500000, 0x00000000a5500000, 0x00000000a5600000|  0%| F|  |TAMS 0x00000000a5500000, 0x00000000a5500000| Untracked 
|  58|0x00000000a5600000, 0x00000000a5600000, 0x00000000a5700000|  0%| F|  |TAMS 0x00000000a5600000, 0x00000000a5600000| Untracked 
|  59|0x00000000a5700000, 0x00000000a5700000, 0x00000000a5800000|  0%| F|  |TAMS 0x00000000a5700000, 0x00000000a5700000| Untracked 
|  60|0x00000000a5800000, 0x00000000a5800000, 0x00000000a5900000|  0%| F|  |TAMS 0x00000000a5800000, 0x00000000a5800000| Untracked 
|  61|0x00000000a5900000, 0x00000000a59fe190, 0x00000000a5a00000| 99%| S|CS|TAMS 0x00000000a5900000, 0x00000000a5900000| Complete 
|  62|0x00000000a5a00000, 0x00000000a5b00000, 0x00000000a5b00000|100%| S|CS|TAMS 0x00000000a5a00000, 0x00000000a5a00000| Complete 
|  63|0x00000000a5b00000, 0x00000000a5b00000, 0x00000000a5c00000|  0%| F|  |TAMS 0x00000000a5b00000, 0x00000000a5b00000| Untracked 
|  64|0x00000000a5c00000, 0x00000000a5c00000, 0x00000000a5d00000|  0%| F|  |TAMS 0x00000000a5c00000, 0x00000000a5c00000| Untracked 
|  65|0x00000000a5d00000, 0x00000000a5d00000, 0x00000000a5e00000|  0%| F|  |TAMS 0x00000000a5d00000, 0x00000000a5d00000| Untracked 
|  66|0x00000000a5e00000, 0x00000000a5e00000, 0x00000000a5f00000|  0%| F|  |TAMS 0x00000000a5e00000, 0x00000000a5e00000| Untracked 
|  67|0x00000000a5f00000, 0x00000000a5f00000, 0x00000000a6000000|  0%| F|  |TAMS 0x00000000a5f00000, 0x00000000a5f00000| Untracked 
|  68|0x00000000a6000000, 0x00000000a6000000, 0x00000000a6100000|  0%| F|  |TAMS 0x00000000a6000000, 0x00000000a6000000| Untracked 
|  69|0x00000000a6100000, 0x00000000a6100000, 0x00000000a6200000|  0%| F|  |TAMS 0x00000000a6100000, 0x00000000a6100000| Untracked 
|  70|0x00000000a6200000, 0x00000000a6200000, 0x00000000a6300000|  0%| F|  |TAMS 0x00000000a6200000, 0x00000000a6200000| Untracked 
|  71|0x00000000a6300000, 0x00000000a6300000, 0x00000000a6400000|  0%| F|  |TAMS 0x00000000a6300000, 0x00000000a6300000| Untracked 
|  72|0x00000000a6400000, 0x00000000a6400000, 0x00000000a6500000|  0%| F|  |TAMS 0x00000000a6400000, 0x00000000a6400000| Untracked 
|  73|0x00000000a6500000, 0x00000000a6500000, 0x00000000a6600000|  0%| F|  |TAMS 0x00000000a6500000, 0x00000000a6500000| Untracked 
|  74|0x00000000a6600000, 0x00000000a6600000, 0x00000000a6700000|  0%| F|  |TAMS 0x00000000a6600000, 0x00000000a6600000| Untracked 
|  75|0x00000000a6700000, 0x00000000a6700000, 0x00000000a6800000|  0%| F|  |TAMS 0x00000000a6700000, 0x00000000a6700000| Untracked 
|  76|0x00000000a6800000, 0x00000000a6800000, 0x00000000a6900000|  0%| F|  |TAMS 0x00000000a6800000, 0x00000000a6800000| Untracked 
|  77|0x00000000a6900000, 0x00000000a6900000, 0x00000000a6a00000|  0%| F|  |TAMS 0x00000000a6900000, 0x00000000a6900000| Untracked 
|  78|0x00000000a6a00000, 0x00000000a6a00000, 0x00000000a6b00000|  0%| F|  |TAMS 0x00000000a6a00000, 0x00000000a6a00000| Untracked 
|  79|0x00000000a6b00000, 0x00000000a6b00000, 0x00000000a6c00000|  0%| F|  |TAMS 0x00000000a6b00000, 0x00000000a6b00000| Untracked 
|  80|0x00000000a6c00000, 0x00000000a6c00000, 0x00000000a6d00000|  0%| F|  |TAMS 0x00000000a6c00000, 0x00000000a6c00000| Untracked 
|  81|0x00000000a6d00000, 0x00000000a6d00000, 0x00000000a6e00000|  0%| F|  |TAMS 0x00000000a6d00000, 0x00000000a6d00000| Untracked 
|  82|0x00000000a6e00000, 0x00000000a6e00000, 0x00000000a6f00000|  0%| F|  |TAMS 0x00000000a6e00000, 0x00000000a6e00000| Untracked 
|  83|0x00000000a6f00000, 0x00000000a6f00000, 0x00000000a7000000|  0%| F|  |TAMS 0x00000000a6f00000, 0x00000000a6f00000| Untracked 
|  84|0x00000000a7000000, 0x00000000a7000000, 0x00000000a7100000|  0%| F|  |TAMS 0x00000000a7000000, 0x00000000a7000000| Untracked 
|  85|0x00000000a7100000, 0x00000000a7100000, 0x00000000a7200000|  0%| F|  |TAMS 0x00000000a7100000, 0x00000000a7100000| Untracked 
|  86|0x00000000a7200000, 0x00000000a7200000, 0x00000000a7300000|  0%| F|  |TAMS 0x00000000a7200000, 0x00000000a7200000| Untracked 
|  87|0x00000000a7300000, 0x00000000a7300000, 0x00000000a7400000|  0%| F|  |TAMS 0x00000000a7300000, 0x00000000a7300000| Untracked 
|  88|0x00000000a7400000, 0x00000000a7400000, 0x00000000a7500000|  0%| F|  |TAMS 0x00000000a7400000, 0x00000000a7400000| Untracked 
|  89|0x00000000a7500000, 0x00000000a7500000, 0x00000000a7600000|  0%| F|  |TAMS 0x00000000a7500000, 0x00000000a7500000| Untracked 
|  90|0x00000000a7600000, 0x00000000a7600000, 0x00000000a7700000|  0%| F|  |TAMS 0x00000000a7600000, 0x00000000a7600000| Untracked 
|  91|0x00000000a7700000, 0x00000000a7700000, 0x00000000a7800000|  0%| F|  |TAMS 0x00000000a7700000, 0x00000000a7700000| Untracked 
|  92|0x00000000a7800000, 0x00000000a7800000, 0x00000000a7900000|  0%| F|  |TAMS 0x00000000a7800000, 0x00000000a7800000| Untracked 
|  93|0x00000000a7900000, 0x00000000a7900000, 0x00000000a7a00000|  0%| F|  |TAMS 0x00000000a7900000, 0x00000000a7900000| Untracked 
|  94|0x00000000a7a00000, 0x00000000a7a00000, 0x00000000a7b00000|  0%| F|  |TAMS 0x00000000a7a00000, 0x00000000a7a00000| Untracked 
|  95|0x00000000a7b00000, 0x00000000a7b00000, 0x00000000a7c00000|  0%| F|  |TAMS 0x00000000a7b00000, 0x00000000a7b00000| Untracked 

Card table byte_map: [0x000001f372f60000,0x000001f373260000] _byte_map_base: 0x000001f372a52000

Marking Bits (Prev, Next): (CMBitMap*) 0x000001f35b96ed40, (CMBitMap*) 0x000001f35b96ed80
 Prev Bits: [0x000001f373560000, 0x000001f374cf0000)
 Next Bits: [0x000001f374cf0000, 0x000001f376480000)

Polling page: 0x000001f35a0b0000

Metaspace:

Usage:
  Non-class:     26.85 MB used.
      Class:      3.47 MB used.
       Both:     30.32 MB used.

Virtual space:
  Non-class space:       64.00 MB reserved,      27.00 MB ( 42%) committed,  1 nodes.
      Class space:        1.00 GB reserved,       3.56 MB ( <1%) committed,  1 nodes.
             Both:        1.06 GB reserved,      30.56 MB (  3%) committed. 

Chunk freelists:
   Non-Class:  4.44 MB
       Class:  12.38 MB
        Both:  16.81 MB

MaxMetaspaceSize: unlimited
CompressedClassSpaceSize: 1.00 GB
Initial GC threshold: 21.00 MB
Current GC threshold: 47.75 MB
CDS: on
MetaspaceReclaimPolicy: balanced
 - commit_granule_bytes: 65536.
 - commit_granule_words: 8192.
 - virtual_space_node_default_size: 8388608.
 - enlarge_chunks_in_place: 1.
 - new_chunks_are_fully_committed: 0.
 - uncommit_free_chunks: 1.
 - use_allocation_guard: 0.
 - handle_deallocations: 1.


Internal statistics:

num_allocs_failed_limit: 6.
num_arena_births: 268.
num_arena_deaths: 0.
num_vsnodes_births: 2.
num_vsnodes_deaths: 0.
num_space_committed: 489.
num_space_uncommitted: 0.
num_chunks_returned_to_freelist: 6.
num_chunks_taken_from_freelist: 1438.
num_chunk_merges: 6.
num_chunk_splits: 983.
num_chunks_enlarged: 738.
num_inconsistent_stats: 0.

CodeHeap 'non-profiled nmethods': size=120000Kb used=3987Kb max_used=3987Kb free=116012Kb
 bounds [0x000001f36acd0000, 0x000001f36b0c0000, 0x000001f372200000]
CodeHeap 'profiled nmethods': size=120000Kb used=15942Kb max_used=15942Kb free=104057Kb
 bounds [0x000001f363200000, 0x000001f3641a0000, 0x000001f36a730000]
CodeHeap 'non-nmethods': size=5760Kb used=1218Kb max_used=1296Kb free=4541Kb
 bounds [0x000001f36a730000, 0x000001f36a9a0000, 0x000001f36acd0000]
 total_blobs=7552 nmethods=7028 adapters=436
 compilation: enabled
              stopped_count=0, restarted_count=0
 full_count=0

Compilation events (20 events):
Event: 100.354 Thread 0x000001f37d6e0260 nmethod 7862 0x000001f36b0b4190 code [0x000001f36b0b4320, 0x000001f36b0b4498]
Event: 100.354 Thread 0x000001f37d6e0260 7863       4       com.sun.tools.javac.code.Scope$ScopeImpl$2::next (5 bytes)
Event: 100.364 Thread 0x000001f37d6e0260 nmethod 7863 0x000001f36b0b4690 code [0x000001f36b0b4820, 0x000001f36b0b4aa8]
Event: 100.364 Thread 0x000001f37d6e0260 7867       4       com.sun.tools.javac.code.Scope$ScopeListenerList::walkReferences (101 bytes)
Event: 100.378 Thread 0x000001f378ef6870 7869       3       com.sun.tools.javac.code.Types::substBounds (298 bytes)
Event: 100.384 Thread 0x000001f378ef6870 nmethod 7869 0x000001f364187490 code [0x000001f364187940, 0x000001f36418aa78]
Event: 100.384 Thread 0x000001f378ef6870 7870       3       jdk.nio.zipfs.ZipConstants::LOCNAM (7 bytes)
Event: 100.385 Thread 0x000001f378ef6870 nmethod 7870 0x000001f36418b890 code [0x000001f36418ba40, 0x000001f36418bc98]
Event: 100.387 Thread 0x000001f378ef6870 7871 % !   3       com.sun.tools.javac.jvm.ClassReader::classSigToType @ 61 (497 bytes)
Event: 100.391 Thread 0x000001f378ef6870 nmethod 7871% 0x000001f36418be10 code [0x000001f36418c180, 0x000001f36418d7b8]
Event: 100.392 Thread 0x000001f378ef6870 7872   !   3       com.sun.tools.javac.jvm.ClassReader::classSigToType (497 bytes)
Event: 100.398 Thread 0x000001f378ef6870 nmethod 7872 0x000001f36418e310 code [0x000001f36418e680, 0x000001f36418fbb8]
Event: 100.403 Thread 0x000001f378ef6870 7873       2       com.sun.tools.javac.code.Type$ClassType::isErroneous (50 bytes)
Event: 100.404 Thread 0x000001f378ef6870 nmethod 7873 0x000001f364190690 code [0x000001f364190880, 0x000001f364190b88]
Event: 100.406 Thread 0x000001f378ef6870 7874       3       com.sun.tools.javac.jvm.ClassReader$$Lambda$364/0x000001f301313760::apply (9 bytes)
Event: 100.407 Thread 0x000001f378ef6870 nmethod 7874 0x000001f364190d10 code [0x000001f364190ec0, 0x000001f364191188]
Event: 100.407 Thread 0x000001f378ef6870 7875       3       com.sun.tools.javac.jvm.ClassReader$$Lambda$363/0x000001f301313540::apply (9 bytes)
Event: 100.407 Thread 0x000001f378ef6870 nmethod 7875 0x000001f364191310 code [0x000001f3641914c0, 0x000001f364191788]
Event: 100.407 Thread 0x000001f378ef6870 7876       3       com.sun.tools.javac.jvm.ClassReader::enterClass (14 bytes)
Event: 100.408 Thread 0x000001f378ef6870 nmethod 7876 0x000001f364191910 code [0x000001f364191ac0, 0x000001f364191c28]

GC Heap History (20 events):
Event: 69.845 GC heap after
{Heap after GC invocations=5 (full 0):
 garbage-first heap   total 98304K, used 24064K [0x00000000a1c00000, 0x0000000100000000)
  region size 1024K, 7 young (7168K), 7 survivors (7168K)
 Metaspace       used 20090K, committed 20416K, reserved 1114112K
  class space    used 2323K, committed 2496K, reserved 1048576K
}
Event: 70.198 GC heap before
{Heap before GC invocations=5 (full 0):
 garbage-first heap   total 98304K, used 26112K [0x00000000a1c00000, 0x0000000100000000)
  region size 1024K, 10 young (10240K), 7 survivors (7168K)
 Metaspace       used 21295K, committed 21504K, reserved 1114112K
  class space    used 2500K, committed 2624K, reserved 1048576K
}
Event: 70.239 GC heap after
{Heap after GC invocations=6 (full 0):
 garbage-first heap   total 98304K, used 25895K [0x00000000a1c00000, 0x0000000100000000)
  region size 1024K, 2 young (2048K), 2 survivors (2048K)
 Metaspace       used 21295K, committed 21504K, reserved 1114112K
  class space    used 2500K, committed 2624K, reserved 1048576K
}
Event: 87.152 GC heap before
{Heap before GC invocations=7 (full 0):
 garbage-first heap   total 86016K, used 63783K [0x00000000a1c00000, 0x0000000100000000)
  region size 1024K, 39 young (39936K), 2 survivors (2048K)
 Metaspace       used 25865K, committed 26112K, reserved 1114112K
  class space    used 3000K, committed 3136K, reserved 1048576K
}
Event: 87.238 GC heap after
{Heap after GC invocations=8 (full 0):
 garbage-first heap   total 86016K, used 39719K [0x00000000a1c00000, 0x0000000100000000)
  region size 1024K, 5 young (5120K), 5 survivors (5120K)
 Metaspace       used 25865K, committed 26112K, reserved 1114112K
  class space    used 3000K, committed 3136K, reserved 1048576K
}
Event: 88.883 GC heap before
{Heap before GC invocations=9 (full 0):
 garbage-first heap   total 86016K, used 60199K [0x00000000a1c00000, 0x0000000100000000)
  region size 1024K, 25 young (25600K), 5 survivors (5120K)
 Metaspace       used 26367K, committed 26624K, reserved 1114112K
  class space    used 3036K, committed 3136K, reserved 1048576K
}
Event: 88.918 GC heap after
{Heap after GC invocations=10 (full 0):
 garbage-first heap   total 86016K, used 44519K [0x00000000a1c00000, 0x0000000100000000)
  region size 1024K, 4 young (4096K), 4 survivors (4096K)
 Metaspace       used 26367K, committed 26624K, reserved 1114112K
  class space    used 3036K, committed 3136K, reserved 1048576K
}
Event: 91.808 GC heap before
{Heap before GC invocations=10 (full 0):
 garbage-first heap   total 86016K, used 61927K [0x00000000a1c00000, 0x0000000100000000)
  region size 1024K, 22 young (22528K), 4 survivors (4096K)
 Metaspace       used 27387K, committed 27712K, reserved 1114112K
  class space    used 3128K, committed 3264K, reserved 1048576K
}
Event: 91.840 GC heap after
{Heap after GC invocations=11 (full 0):
 garbage-first heap   total 86016K, used 47218K [0x00000000a1c00000, 0x0000000100000000)
  region size 1024K, 3 young (3072K), 3 survivors (3072K)
 Metaspace       used 27387K, committed 27712K, reserved 1114112K
  class space    used 3128K, committed 3264K, reserved 1048576K
}
Event: 93.307 GC heap before
{Heap before GC invocations=12 (full 0):
 garbage-first heap   total 86016K, used 64626K [0x00000000a1c00000, 0x0000000100000000)
  region size 1024K, 20 young (20480K), 3 survivors (3072K)
 Metaspace       used 28087K, committed 28352K, reserved 1114112K
  class space    used 3226K, committed 3328K, reserved 1048576K
}
Event: 93.325 GC heap after
{Heap after GC invocations=13 (full 0):
 garbage-first heap   total 86016K, used 47783K [0x00000000a1c00000, 0x0000000100000000)
  region size 1024K, 1 young (1024K), 1 survivors (1024K)
 Metaspace       used 28087K, committed 28352K, reserved 1114112K
  class space    used 3226K, committed 3328K, reserved 1048576K
}
Event: 93.595 GC heap before
{Heap before GC invocations=13 (full 0):
 garbage-first heap   total 86016K, used 49831K [0x00000000a1c00000, 0x0000000100000000)
  region size 1024K, 4 young (4096K), 1 survivors (1024K)
 Metaspace       used 28280K, committed 28608K, reserved 1114112K
  class space    used 3253K, committed 3392K, reserved 1048576K
}
Event: 93.602 GC heap after
{Heap after GC invocations=14 (full 0):
 garbage-first heap   total 86016K, used 47532K [0x00000000a1c00000, 0x0000000100000000)
  region size 1024K, 1 young (1024K), 1 survivors (1024K)
 Metaspace       used 28280K, committed 28608K, reserved 1114112K
  class space    used 3253K, committed 3392K, reserved 1048576K
}
Event: 94.978 GC heap before
{Heap before GC invocations=14 (full 0):
 garbage-first heap   total 86016K, used 65964K [0x00000000a1c00000, 0x0000000100000000)
  region size 1024K, 19 young (19456K), 1 survivors (1024K)
 Metaspace       used 28979K, committed 29248K, reserved 1114112K
  class space    used 3325K, committed 3456K, reserved 1048576K
}
Event: 94.987 GC heap after
{Heap after GC invocations=15 (full 0):
 garbage-first heap   total 86016K, used 48130K [0x00000000a1c00000, 0x0000000100000000)
  region size 1024K, 1 young (1024K), 1 survivors (1024K)
 Metaspace       used 28979K, committed 29248K, reserved 1114112K
  class space    used 3325K, committed 3456K, reserved 1048576K
}
Event: 96.787 GC heap before
{Heap before GC invocations=16 (full 0):
 garbage-first heap   total 86016K, used 67586K [0x00000000a1c00000, 0x0000000100000000)
  region size 1024K, 20 young (20480K), 1 survivors (1024K)
 Metaspace       used 29245K, committed 29568K, reserved 1114112K
  class space    used 3331K, committed 3456K, reserved 1048576K
}
Event: 96.799 GC heap after
{Heap after GC invocations=17 (full 0):
 garbage-first heap   total 86016K, used 48592K [0x00000000a1c00000, 0x0000000100000000)
  region size 1024K, 2 young (2048K), 2 survivors (2048K)
 Metaspace       used 29245K, committed 29568K, reserved 1114112K
  class space    used 3331K, committed 3456K, reserved 1048576K
}
Event: 96.898 GC heap before
{Heap before GC invocations=17 (full 0):
 garbage-first heap   total 86016K, used 50640K [0x00000000a1c00000, 0x0000000100000000)
  region size 1024K, 4 young (4096K), 2 survivors (2048K)
 Metaspace       used 29270K, committed 29568K, reserved 1114112K
  class space    used 3331K, committed 3456K, reserved 1048576K
}
Event: 96.911 GC heap after
{Heap after GC invocations=18 (full 0):
 garbage-first heap   total 86016K, used 47990K [0x00000000a1c00000, 0x0000000100000000)
  region size 1024K, 1 young (1024K), 1 survivors (1024K)
 Metaspace       used 29270K, committed 29568K, reserved 1114112K
  class space    used 3331K, committed 3456K, reserved 1048576K
}
Event: 100.410 GC heap before
{Heap before GC invocations=18 (full 0):
 garbage-first heap   total 86016K, used 68470K [0x00000000a1c00000, 0x0000000100000000)
  region size 1024K, 21 young (21504K), 1 survivors (1024K)
 Metaspace       used 31051K, committed 31296K, reserved 1114112K
  class space    used 3555K, committed 3648K, reserved 1048576K
}

Deoptimization events (20 events):
Event: 100.398 Thread 0x000001f35b9227f0 Uncommon trap: trap_request=0xffffffde fr.pc=0x000001f36b0a95e8 relative=0x0000000000000308
Event: 100.398 Thread 0x000001f35b9227f0 Uncommon trap: reason=class_check action=maybe_recompile pc=0x000001f36b0a95e8 method=com.sun.tools.javac.code.Type$ClassType.allparams()Lcom/sun/tools/javac/util/List; @ 16 c2
Event: 100.398 Thread 0x000001f35b9227f0 DEOPT PACKING pc=0x000001f36b0a95e8 sp=0x000000f07f0fa0a0
Event: 100.398 Thread 0x000001f35b9227f0 DEOPT UNPACKING pc=0x000001f36a7823a3 sp=0x000000f07f0f9ff8 mode 2
Event: 100.398 Thread 0x000001f35b9227f0 Uncommon trap: trap_request=0xffffffde fr.pc=0x000001f36b08c93c relative=0x000000000000019c
Event: 100.398 Thread 0x000001f35b9227f0 Uncommon trap: reason=class_check action=maybe_recompile pc=0x000001f36b08c93c method=com.sun.tools.javac.code.Type$ClassType.allparams()Lcom/sun/tools/javac/util/List; @ 16 c2
Event: 100.398 Thread 0x000001f35b9227f0 DEOPT PACKING pc=0x000001f36b08c93c sp=0x000000f07f0fa030
Event: 100.398 Thread 0x000001f35b9227f0 DEOPT UNPACKING pc=0x000001f36a7823a3 sp=0x000000f07f0f9ff0 mode 2
Event: 100.401 Thread 0x000001f35b9227f0 Uncommon trap: trap_request=0xffffff45 fr.pc=0x000001f36b064db8 relative=0x00000000000000f8
Event: 100.401 Thread 0x000001f35b9227f0 Uncommon trap: reason=unstable_if action=reinterpret pc=0x000001f36b064db8 method=com.sun.tools.javac.tree.TreeInfo.symbol(Lcom/sun/tools/javac/tree/JCTree;)Lcom/sun/tools/javac/code/Symbol; @ 16 c2
Event: 100.401 Thread 0x000001f35b9227f0 DEOPT PACKING pc=0x000001f36b064db8 sp=0x000000f07f0f9fc0
Event: 100.401 Thread 0x000001f35b9227f0 DEOPT UNPACKING pc=0x000001f36a7823a3 sp=0x000000f07f0f9f58 mode 2
Event: 100.401 Thread 0x000001f35b9227f0 Uncommon trap: trap_request=0xffffff66 fr.pc=0x000001f36b0a4c0c relative=0x000000000000190c
Event: 100.401 Thread 0x000001f35b9227f0 Uncommon trap: reason=speculate_class_check action=maybe_recompile pc=0x000001f36b0a4c0c method=com.sun.tools.javac.code.Type.hasTag(Lcom/sun/tools/javac/code/TypeTag;)Z @ 2 c2
Event: 100.401 Thread 0x000001f35b9227f0 DEOPT PACKING pc=0x000001f36b0a4c0c sp=0x000000f07f0f9ef0
Event: 100.401 Thread 0x000001f35b9227f0 DEOPT UNPACKING pc=0x000001f36a7823a3 sp=0x000000f07f0f9e40 mode 2
Event: 100.403 Thread 0x000001f35b9227f0 Uncommon trap: trap_request=0xffffffde fr.pc=0x000001f36b08c93c relative=0x000000000000019c
Event: 100.403 Thread 0x000001f35b9227f0 Uncommon trap: reason=class_check action=maybe_recompile pc=0x000001f36b08c93c method=com.sun.tools.javac.code.Type$ClassType.allparams()Lcom/sun/tools/javac/util/List; @ 16 c2
Event: 100.403 Thread 0x000001f35b9227f0 DEOPT PACKING pc=0x000001f36b08c93c sp=0x000000f07f0f7cd0
Event: 100.403 Thread 0x000001f35b9227f0 DEOPT UNPACKING pc=0x000001f36a7823a3 sp=0x000000f07f0f7c88 mode 2

Classes unloaded (0 events):
No events

Classes redefined (0 events):
No events

Internal exceptions (20 events):
Event: 100.178 Thread 0x000001f35b9227f0 Exception <a 'sun/nio/fs/WindowsException'{0x00000000a5c51728}> (0x00000000a5c51728) 
thrown [s\open\src\hotspot\share\prims\jni.cpp, line 516]
Event: 100.178 Thread 0x000001f35b9227f0 Exception <a 'sun/nio/fs/WindowsException'{0x00000000a5c51ea8}> (0x00000000a5c51ea8) 
thrown [s\open\src\hotspot\share\prims\jni.cpp, line 516]
Event: 100.268 Thread 0x000001f35b9227f0 Exception <a 'sun/nio/fs/WindowsException'{0x00000000a5cb26d8}> (0x00000000a5cb26d8) 
thrown [s\open\src\hotspot\share\prims\jni.cpp, line 516]
Event: 100.268 Thread 0x000001f35b9227f0 Exception <a 'sun/nio/fs/WindowsException'{0x00000000a5cb2db8}> (0x00000000a5cb2db8) 
thrown [s\open\src\hotspot\share\prims\jni.cpp, line 516]
Event: 100.268 Thread 0x000001f35b9227f0 Exception <a 'sun/nio/fs/WindowsException'{0x00000000a5cb3d58}> (0x00000000a5cb3d58) 
thrown [s\open\src\hotspot\share\prims\jni.cpp, line 516]
Event: 100.315 Thread 0x000001f35b9227f0 Exception <a 'sun/nio/fs/WindowsException'{0x00000000a5b187b8}> (0x00000000a5b187b8) 
thrown [s\open\src\hotspot\share\prims\jni.cpp, line 516]
Event: 100.315 Thread 0x000001f35b9227f0 Exception <a 'sun/nio/fs/WindowsException'{0x00000000a5b18eb0}> (0x00000000a5b18eb0) 
thrown [s\open\src\hotspot\share\prims\jni.cpp, line 516]
Event: 100.316 Thread 0x000001f35b9227f0 Exception <a 'sun/nio/fs/WindowsException'{0x00000000a5b1a048}> (0x00000000a5b1a048) 
thrown [s\open\src\hotspot\share\prims\jni.cpp, line 516]
Event: 100.359 Thread 0x000001f35b9227f0 Exception <a 'sun/nio/fs/WindowsException'{0x00000000a5b472b0}> (0x00000000a5b472b0) 
thrown [s\open\src\hotspot\share\prims\jni.cpp, line 516]
Event: 100.359 Thread 0x000001f35b9227f0 Exception <a 'sun/nio/fs/WindowsException'{0x00000000a5b47760}> (0x00000000a5b47760) 
thrown [s\open\src\hotspot\share\prims\jni.cpp, line 516]
Event: 100.360 Thread 0x000001f35b9227f0 Exception <a 'sun/nio/fs/WindowsException'{0x00000000a5b55a58}> (0x00000000a5b55a58) 
thrown [s\open\src\hotspot\share\prims\jni.cpp, line 516]
Event: 100.360 Thread 0x000001f35b9227f0 Exception <a 'sun/nio/fs/WindowsException'{0x00000000a5b55ec0}> (0x00000000a5b55ec0) 
thrown [s\open\src\hotspot\share\prims\jni.cpp, line 516]
Event: 100.362 Thread 0x000001f35b9227f0 Exception <a 'sun/nio/fs/WindowsException'{0x00000000a5b837d8}> (0x00000000a5b837d8) 
thrown [s\open\src\hotspot\share\prims\jni.cpp, line 516]
Event: 100.362 Thread 0x000001f35b9227f0 Exception <a 'sun/nio/fs/WindowsException'{0x00000000a5b83c88}> (0x00000000a5b83c88) 
thrown [s\open\src\hotspot\share\prims\jni.cpp, line 516]
Event: 100.363 Thread 0x000001f35b9227f0 Exception <a 'sun/nio/fs/WindowsException'{0x00000000a5b85d80}> (0x00000000a5b85d80) 
thrown [s\open\src\hotspot\share\prims\jni.cpp, line 516]
Event: 100.363 Thread 0x000001f35b9227f0 Exception <a 'sun/nio/fs/WindowsException'{0x00000000a5b862b8}> (0x00000000a5b862b8) 
thrown [s\open\src\hotspot\share\prims\jni.cpp, line 516]
Event: 100.408 Thread 0x000001f35b9227f0 Exception <a 'sun/nio/fs/WindowsException'{0x00000000a5bf4ef0}> (0x00000000a5bf4ef0) 
thrown [s\open\src\hotspot\share\prims\jni.cpp, line 516]
Event: 100.408 Thread 0x000001f35b9227f0 Exception <a 'sun/nio/fs/WindowsException'{0x00000000a5bf5340}> (0x00000000a5bf5340) 
thrown [s\open\src\hotspot\share\prims\jni.cpp, line 516]
Event: 100.409 Thread 0x000001f35b9227f0 Exception <a 'sun/nio/fs/WindowsException'{0x00000000a5bfc698}> (0x00000000a5bfc698) 
thrown [s\open\src\hotspot\share\prims\jni.cpp, line 516]
Event: 100.409 Thread 0x000001f35b9227f0 Exception <a 'sun/nio/fs/WindowsException'{0x00000000a5bfca98}> (0x00000000a5bfca98) 
thrown [s\open\src\hotspot\share\prims\jni.cpp, line 516]

VM Operations (20 events):
Event: 97.497 Executing VM operation: HandshakeAllThreads done
Event: 97.715 Executing VM operation: HandshakeAllThreads
Event: 97.715 Executing VM operation: HandshakeAllThreads done
Event: 97.723 Executing VM operation: ICBufferFull
Event: 97.724 Executing VM operation: ICBufferFull done
Event: 98.173 Executing VM operation: ICBufferFull
Event: 98.174 Executing VM operation: ICBufferFull done
Event: 98.705 Executing VM operation: ICBufferFull
Event: 98.706 Executing VM operation: ICBufferFull done
Event: 99.633 Executing VM operation: ICBufferFull
Event: 99.634 Executing VM operation: ICBufferFull done
Event: 99.832 Executing VM operation: HandshakeAllThreads
Event: 99.838 Executing VM operation: HandshakeAllThreads done
Event: 99.854 Executing VM operation: HandshakeAllThreads
Event: 99.854 Executing VM operation: HandshakeAllThreads done
Event: 100.102 Executing VM operation: ICBufferFull
Event: 100.103 Executing VM operation: ICBufferFull done
Event: 100.400 Executing VM operation: ICBufferFull
Event: 100.401 Executing VM operation: ICBufferFull done
Event: 100.410 Executing VM operation: G1CollectForAllocation

Events (20 events):
Event: 97.639 loading class java/util/EnumMap$EntryIterator done
Event: 97.639 loading class java/util/EnumMap$EntryIterator$Entry
Event: 97.640 loading class java/util/EnumMap$EntryIterator$Entry done
Event: 97.799 loading class java/util/function/ToIntBiFunction
Event: 97.800 loading class java/util/function/ToIntBiFunction done
Event: 97.839 loading class java/util/stream/ReferencePipeline$4
Event: 97.840 loading class java/util/stream/ReferencePipeline$4 done
Event: 97.841 loading class java/util/stream/Nodes$IntFixedNodeBuilder
Event: 97.846 loading class java/util/stream/Node$Builder$OfInt
Event: 97.847 loading class java/util/stream/Node$Builder$OfInt done
Event: 97.847 loading class java/util/stream/Nodes$IntArrayNode
Event: 97.848 loading class java/util/stream/Nodes$IntArrayNode done
Event: 97.848 loading class java/util/stream/Nodes$IntFixedNodeBuilder done
Event: 97.849 loading class java/util/stream/ReferencePipeline$4$1
Event: 97.850 loading class java/util/stream/ReferencePipeline$4$1 done
Event: 97.930 loading class java/util/stream/ReduceOps$2
Event: 97.930 loading class java/util/stream/ReduceOps$2 done
Event: 97.930 loading class java/util/stream/ReduceOps$2ReducingSink
Event: 97.931 loading class java/util/stream/ReduceOps$2ReducingSink done
Event: 99.870 Thread 0x000001f378f4e880 flushing nmethod 0x000001f363daa410


Dynamic libraries:
0x00007ff79e610000 - 0x00007ff79e620000 	C:\Program Files\Java\jdk-17\bin\java.exe
0x00007fffe8ca0000 - 0x00007fffe8f08000 	C:\WINDOWS\SYSTEM32\ntdll.dll
0x00007fffe72b0000 - 0x00007fffe7379000 	C:\WINDOWS\System32\KERNEL32.DLL
0x00007fffe6000000 - 0x00007fffe63f2000 	C:\WINDOWS\System32\KERNELBASE.dll
0x00007fffe66f0000 - 0x00007fffe683b000 	C:\WINDOWS\System32\ucrtbase.dll
0x00007fffc1ab0000 - 0x00007fffc1ac9000 	C:\Program Files\Java\jdk-17\bin\jli.dll
0x00007fffe7520000 - 0x00007fffe75d4000 	C:\WINDOWS\System32\ADVAPI32.dll
0x00007fffe7730000 - 0x00007fffe77d9000 	C:\WINDOWS\System32\msvcrt.dll
0x00007fffe82d0000 - 0x00007fffe8376000 	C:\WINDOWS\System32\sechost.dll
0x00007fffe6d40000 - 0x00007fffe6e58000 	C:\WINDOWS\System32\RPCRT4.dll
0x00007fffe6a90000 - 0x00007fffe6c55000 	C:\WINDOWS\System32\USER32.dll
0x00007fffe64c0000 - 0x00007fffe64e7000 	C:\WINDOWS\System32\win32u.dll
0x00007fffe82a0000 - 0x00007fffe82cb000 	C:\WINDOWS\System32\GDI32.dll
0x00007fffe5ed0000 - 0x00007fffe5ffd000 	C:\WINDOWS\System32\gdi32full.dll
0x00007fffd40c0000 - 0x00007fffd40db000 	C:\Program Files\Java\jdk-17\bin\VCRUNTIME140.dll
0x00007fffe6840000 - 0x00007fffe68e3000 	C:\WINDOWS\System32\msvcp_win.dll
0x00007fffdf360000 - 0x00007fffdf36b000 	C:\WINDOWS\SYSTEM32\VERSION.dll
0x00007fffd3c70000 - 0x00007fffd3f03000 	C:\WINDOWS\WinSxS\amd64_microsoft.windows.common-controls_6595b64144ccf1df_6.0.26100.6899_none_3e0efeeae32e88c1\COMCTL32.dll
0x00007fffe78e0000 - 0x00007fffe790f000 	C:\WINDOWS\System32\IMM32.DLL
0x00007fffe34c0000 - 0x00007fffe34cc000 	C:\Program Files\Java\jdk-17\bin\vcruntime140_1.dll
0x00007fff8d7e0000 - 0x00007fff8d86e000 	C:\Program Files\Java\jdk-17\bin\msvcp140.dll
0x00007fff3b8a0000 - 0x00007fff3c480000 	C:\Program Files\Java\jdk-17\bin\server\jvm.dll
0x00007fffe84d0000 - 0x00007fffe84d8000 	C:\WINDOWS\System32\PSAPI.DLL
0x00007fffe2a30000 - 0x00007fffe2a3a000 	C:\WINDOWS\SYSTEM32\WSOCK32.dll
0x00007fffe6cc0000 - 0x00007fffe6d34000 	C:\WINDOWS\System32\WS2_32.dll
0x00007fffdf320000 - 0x00007fffdf355000 	C:\WINDOWS\SYSTEM32\WINMM.dll
0x00007fffe4c00000 - 0x00007fffe4c1b000 	C:\WINDOWS\SYSTEM32\kernel.appcore.dll
0x00007fffe08e0000 - 0x00007fffe08ea000 	C:\Program Files\Java\jdk-17\bin\jimage.dll
0x00007fffe34d0000 - 0x00007fffe3712000 	C:\WINDOWS\SYSTEM32\DBGHELP.DLL
0x00007fffe6f20000 - 0x00007fffe729b000 	C:\WINDOWS\System32\combase.dll
0x00007fffe75e0000 - 0x00007fffe76b7000 	C:\WINDOWS\System32\OLEAUT32.dll
0x00007fffb8d20000 - 0x00007fffb8d5c000 	C:\WINDOWS\SYSTEM32\dbgcore.DLL
0x00007fffe5e30000 - 0x00007fffe5ec8000 	C:\WINDOWS\System32\bcryptPrimitives.dll
0x00007fffaa250000 - 0x00007fffaa275000 	C:\Program Files\Java\jdk-17\bin\java.dll
0x00007fff8d3b0000 - 0x00007fff8d487000 	C:\Program Files\Java\jdk-17\bin\jsvml.dll
0x00007fffe7b50000 - 0x00007fffe829d000 	C:\WINDOWS\System32\SHELL32.dll
0x00007fffe6580000 - 0x00007fffe66eb000 	C:\WINDOWS\System32\wintypes.dll
0x00007fffe3a70000 - 0x00007fffe42cd000 	C:\WINDOWS\SYSTEM32\windows.storage.dll
0x00007fffe8b60000 - 0x00007fffe8c52000 	C:\WINDOWS\System32\SHCORE.dll
0x00007fffe76c0000 - 0x00007fffe7722000 	C:\WINDOWS\System32\shlwapi.dll
0x00007fffe5d50000 - 0x00007fffe5d79000 	C:\WINDOWS\SYSTEM32\profapi.dll
0x00007fffc1890000 - 0x00007fffc18a9000 	C:\Program Files\Java\jdk-17\bin\net.dll
0x00007fffdbd80000 - 0x00007fffdbe9f000 	C:\WINDOWS\SYSTEM32\WINHTTP.dll
0x00007fffe5170000 - 0x00007fffe51db000 	C:\WINDOWS\system32\mswsock.dll
0x00007fffbe7a0000 - 0x00007fffbe7b6000 	C:\Program Files\Java\jdk-17\bin\nio.dll
0x00007fff8d8f0000 - 0x00007fff8d908000 	C:\Program Files\Java\jdk-17\bin\zip.dll
0x00007fff8d8c0000 - 0x00007fff8d8e4000 	C:\ProgramData\chocolatey\lib\maven\apache-maven-3.9.11\lib\jansi-native\Windows\x86_64\jansi.dll
0x00007fffe0870000 - 0x00007fffe0880000 	C:\Program Files\Java\jdk-17\bin\verify.dll

dbghelp: loaded successfully - version: 4.0.5 - missing functions: none
symbol engine: initialized successfully - sym options: 0x614 - pdb path: .;C:\Program Files\Java\jdk-17\bin;C:\WINDOWS\SYSTEM32;C:\WINDOWS\WinSxS\amd64_microsoft.windows.common-controls_6595b64144ccf1df_6.0.26100.6899_none_3e0efeeae32e88c1;C:\Program Files\Java\jdk-17\bin\server;C:\ProgramData\chocolatey\lib\maven\apache-maven-3.9.11\lib\jansi-native\Windows\x86_64

VM Arguments:
jvm_args: --enable-native-access=ALL-UNNAMED -Dclassworlds.conf=C:\ProgramData\chocolatey\lib\maven\apache-maven-3.9.11\bin\m2.conf -Dmaven.home=C:\ProgramData\chocolatey\lib\maven\apache-maven-3.9.11 -Dlibrary.jansi.path=C:\ProgramData\chocolatey\lib\maven\apache-maven-3.9.11\lib\jansi-native -Dmaven.multiModuleProjectDirectory=C:\Users\Aditya Raj\Desktop\PC\LOCAL DISK D\Project\Flatery_backend-dev 
java_command: org.codehaus.plexus.classworlds.launcher.Launcher spring-boot:run
java_class_path (initial): C:\ProgramData\chocolatey\lib\maven\apache-maven-3.9.11\boot\plexus-classworlds-2.9.0.jar
Launcher Type: SUN_STANDARD

[Global flags]
     intx CICompilerCount                          = 4                                         {product} {ergonomic}
     uint ConcGCThreads                            = 2                                         {product} {ergonomic}
     uint G1ConcRefinementThreads                  = 8                                         {product} {ergonomic}
   size_t G1HeapRegionSize                         = 1048576                                   {product} {ergonomic}
    uintx GCDrainStackTargetSize                   = 64                                        {product} {ergonomic}
   size_t InitialHeapSize                          = 100663296                                 {product} {ergonomic}
   size_t MarkStackSize                            = 4194304                                   {product} {ergonomic}
   size_t MaxHeapSize                              = 1581252608                                {product} {ergonomic}
   size_t MaxNewSize                               = 947912704                                 {product} {ergonomic}
   size_t MinHeapDeltaBytes                        = 1048576                                   {product} {ergonomic}
   size_t MinHeapSize                              = 8388608                                   {product} {ergonomic}
    uintx NonNMethodCodeHeapSize                   = 5839372                                {pd product} {ergonomic}
    uintx NonProfiledCodeHeapSize                  = 122909434                              {pd product} {ergonomic}
    uintx ProfiledCodeHeapSize                     = 122909434                              {pd product} {ergonomic}
    uintx ReservedCodeCacheSize                    = 251658240                              {pd product} {ergonomic}
     bool SegmentedCodeCache                       = true                                      {product} {ergonomic}
   size_t SoftMaxHeapSize                          = 1581252608                             {manageable} {ergonomic}
     bool UseCompressedClassPointers               = true                           {product lp64_product} {ergonomic}
     bool UseCompressedOops                        = true                           {product lp64_product} {ergonomic}
     bool UseG1GC                                  = true                                      {product} {ergonomic}
     bool UseLargePagesIndividualAllocation        = false                                  {pd product} {ergonomic}

Logging:
Log output configuration:
 #0: stdout all=warning uptime,level,tags
 #1: stderr all=off uptime,level,tags

Environment Variables:
PATH=C:\Program Files\Common Files\Oracle\Java\javapath;C:\Python312\Scripts\;C:\Python312\;C:\Python311\Scripts\;C:\Python311\;C:\WINDOWS\system32;C:\WINDOWS;C:\WINDOWS\System32\Wbem;C:\WINDOWS\System32\WindowsPowerShell\v1.0\;C:\WINDOWS\System32\OpenSSH\;C:\Program Files\Microsoft SQL Server\130\Tools\Binn\;C:\Program Files\Microsoft SQL Server\Client SDK\ODBC\170\Tools\Binn\;C:\Program Files (x86)\Microsoft SQL Server\150\Tools\Binn\;C:\Program Files\Microsoft SQL Server\150\Tools\Binn\;C:\Program Files\Microsoft SQL Server\150\DTS\Binn\;C:\Program Files\dotnet\;C:\xampp\php;C:\composer;C:\ProgramData\chocolatey\bin;C:\Program Files\nodejs\;C:\Program Files\maven-mvnd-1.0.3-windows-amd64\bin;C:\ProgramData\chocolatey\lib\maven\apache-maven-3.9.11\bin;C:\ProgramData\chocolatey\lib\maven\apache-maven-3.9.11\bin;C:\Users\Aditya Raj\AppData\Local\Programs\Python\Python313\Scripts\;C:\Users\Aditya Raj\AppData\Local\Programs\Python\Python313\;C:\Users\Aditya Raj\AppData\Local\Programs\Python\Python310\Scripts\;C:\Users\Aditya Raj\AppData\Local\Programs\Python\Python310\;C:\Users\Aditya Raj\AppData\Local\Microsoft\WindowsApps;C:\Users\Aditya Raj\AppData\Local\Programs\Microsoft VS Code\bin;C:\Program Files (x86)\mingw-w64\i686-8.1.0-posix-dwarf-rt_v6-rev0\mingw32\bin;C:\Program Files\CodeBlocks\mingw-w64\i686-8.1.0-posix-dwarf-rt_v6-rev0\mingw32\bin;C:\Program Files\JetBrains\IntelliJ IDEA Community Edition 2022.2\bin;C:\Program Files\maven-mvnd-1.0.3-windows-amd64\bin;;C:\Users\Aditya Raj\Desktop\PC\LOCAL DISK D\flutter\bin;C:\Program Files\Azure Data Studio\bin;C:\Users\Aditya Raj\AppData\Local\GitHubDesktop\bin;C:\Users\Aditya Raj\AppData\Roaming\Composer\vendor\bin;C:\Users\Aditya Raj\Downloads\flutter_windows_3.3.9-stable\flutter\bin;C:\Users\Aditya Raj\AppData\Roaming\npm;C:\Users\Aditya Raj\AppData\Local\Programs\cursor\resources\app\bin;C:\ProgramData\chocolatey\lib\maven\apache-maven-3.9.11\bin;;c:\Users\Aditya Raj\AppData\Roaming\Code\User\globalStorage\github.co
USERNAME=Aditya Raj
LANG=en_US.UTF-8
OS=Windows_NT
PROCESSOR_IDENTIFIER=AMD64 Family 23 Model 24 Stepping 1, AuthenticAMD



---------------  S Y S T E M  ---------------

OS:
 Windows 11 , 64 bit Build 26100 (10.0.26100.6725)
OS uptime: 1 days 19:52 hours
Hyper-V role detected

CPU: total 8 (initial active 8) (8 cores per cpu, 2 threads per core) family 23 model 24 stepping 1 microcode 0x810810e, cx8, cmov, fxsr, ht, mmx, 3dnowpref, sse, sse2, sse3, ssse3, sse4a, sse4.1, sse4.2, popcnt, lzcnt, tsc, tscinvbit, avx, avx2, aes, clmul, bmi1, bmi2, adx, sha, fma, vzeroupper, clflush, clflushopt, hv

Memory: 4k page, system-wide physical 6030M (298M free)
TotalPageFile size 24462M (AvailPageFile size 15M)
current process WorkingSet (physical memory assigned to process): 162M, peak: 207M
current process commit charge ("private bytes"): 257M, peak: 315M

vm_info: Java HotSpot(TM) 64-Bit Server VM (17.0.12+8-LTS-286) for windows-amd64 JRE (17.0.12+8-LTS-286), built on Jun  5 2024 06:46:59 by "mach5one" with MS VC++ 17.6 (VS2022)

END.
